Jul 02 03:42:56 nixos kernel: Linux version 5.4.85-22138-ga9994f5cad40 (chrome-bot@chromeos-ci-factory-us-east1-d-x32-0-o6l6) (Chromium OS 12.0_pre408248_p20201125-r5 clang version 12.0.0 (/var/tmp/portage/sys-devel/llvm-12.0_pre408248_p20201125-r5/work/llvm-12.0_pre408248_p20201125/clang f402e682d0ef5598eeffc9a21a691b03e602ff58)) #2 SMP PREEMPT Sat Apr 2 14:11:30 PDT 2022
Jul 02 03:42:56 nixos kernel: Command line: cros_secure console= loglevel=7 init=/sbin/init cros_secure drm.trace=0x106 root=PARTUUID=605fa840-77d9-4a7a-9f64-9c7897f4ad89/PARTNROFF=1 rootwait ro dm_verity.error_behavior=3 dm_verity.max_bios=-1 dm_verity.dev_wait=0 dm="1 vroot none ro 1,0 819200 verity payload=ROOT_DEV hashtree=HASH_DEV hashstart=819200 alg=sha256 root_hexdigest=454ebcbc0aa28ae0459679754f1e638c392060928a530d14d16230fec25ef276 salt=165c2afae3e37effbba0f179356c92ce3066a439de2d1a7334f5e21f7a5b34ce" noinitrd cros_factory_install vt.global_cursor_default=0 kern_guid=605fa840-77d9-4a7a-9f64-9c7897f4ad89 add_efi_memmap boot=local noresume noswap i915.modeset=1 i915.enable_guc=2 gsmi.s0ix_logging_enable=1 intel_pmc_core.warn_on_s0ix_failures=1  
Jul 02 03:42:56 nixos kernel: x86/fpu: Supporting XSAVE feature 0x001: 'x87 floating point registers'
Jul 02 03:42:56 nixos kernel: x86/fpu: Supporting XSAVE feature 0x002: 'SSE registers'
Jul 02 03:42:56 nixos kernel: x86/fpu: Enabled xstate features 0x3, context size is 576 bytes, using 'compacted' format.
Jul 02 03:42:56 nixos kernel: BIOS-provided physical RAM map:
Jul 02 03:42:56 nixos kernel: BIOS-e820: [mem 0x0000000000000000-0x0000000000000fff] type 16
Jul 02 03:42:56 nixos kernel: BIOS-e820: [mem 0x0000000000001000-0x000000000009ffff] usable
Jul 02 03:42:56 nixos kernel: BIOS-e820: [mem 0x00000000000a0000-0x00000000000fffff] reserved
Jul 02 03:42:56 nixos kernel: BIOS-e820: [mem 0x0000000000100000-0x0000000076a19fff] usable
Jul 02 03:42:56 nixos kernel: BIOS-e820: [mem 0x0000000076a1a000-0x0000000076ffffff] type 16
Jul 02 03:42:56 nixos kernel: BIOS-e820: [mem 0x0000000077000000-0x000000007fbfffff] reserved
Jul 02 03:42:56 nixos kernel: BIOS-e820: [mem 0x00000000c0000000-0x00000000cfffffff] reserved
Jul 02 03:42:56 nixos kernel: BIOS-e820: [mem 0x00000000fb000000-0x00000000fb000fff] reserved
Jul 02 03:42:56 nixos kernel: BIOS-e820: [mem 0x00000000fe000000-0x00000000fe00ffff] reserved
Jul 02 03:42:56 nixos kernel: BIOS-e820: [mem 0x00000000fea80000-0x00000000fea87fff] reserved
Jul 02 03:42:56 nixos kernel: BIOS-e820: [mem 0x00000000fed80000-0x00000000fed87fff] reserved
Jul 02 03:42:56 nixos kernel: BIOS-e820: [mem 0x00000000fed90000-0x00000000fed92fff] reserved
Jul 02 03:42:56 nixos kernel: BIOS-e820: [mem 0x00000000feda0000-0x00000000feda1fff] reserved
Jul 02 03:42:56 nixos kernel: BIOS-e820: [mem 0x0000000100000000-0x00000001803fffff] usable
Jul 02 03:42:56 nixos kernel: NX (Execute Disable) protection: active
Jul 02 03:42:56 nixos kernel: SMBIOS 3.0 present.
Jul 02 03:42:56 nixos kernel: DMI: HP Drawcia/Drawcia, BIOS Google_Drawcia.13606.52.0 01/08/2021
Jul 02 03:42:56 nixos kernel: tsc: Initial usec timer 3767317
Jul 02 03:42:56 nixos kernel: tsc: Detected 1100.000 MHz processor
Jul 02 03:42:56 nixos kernel: tsc: Detected 1113.600 MHz TSC
Jul 02 03:42:56 nixos kernel: e820: update [mem 0x00000000-0x00000fff] usable ==> reserved
Jul 02 03:42:56 nixos kernel: e820: remove [mem 0x000a0000-0x000fffff] usable
Jul 02 03:42:56 nixos kernel: last_pfn = 0x180400 max_arch_pfn = 0x400000000
Jul 02 03:42:56 nixos kernel: MTRR default type: uncachable
Jul 02 03:42:56 nixos kernel: MTRR fixed ranges enabled:
Jul 02 03:42:56 nixos kernel:   00000-9FFFF write-back
Jul 02 03:42:56 nixos kernel:   A0000-BFFFF uncachable
Jul 02 03:42:56 nixos kernel:   C0000-FFFFF write-back
Jul 02 03:42:56 nixos kernel: MTRR variable ranges enabled:
Jul 02 03:42:56 nixos kernel:   0 base 0000000000 mask 7F80000000 write-back
Jul 02 03:42:56 nixos kernel:   1 base 0077000000 mask 7FFF000000 uncachable
Jul 02 03:42:56 nixos kernel:   2 base 0078000000 mask 7FF8000000 uncachable
Jul 02 03:42:56 nixos kernel:   3 base 0080000000 mask 7FF0000000 write-combining
Jul 02 03:42:56 nixos kernel:   4 base 0100000000 mask 7F00000000 write-back
Jul 02 03:42:56 nixos kernel:   5 disabled
Jul 02 03:42:56 nixos kernel:   6 disabled
Jul 02 03:42:56 nixos kernel:   7 disabled
Jul 02 03:42:56 nixos kernel:   8 disabled
Jul 02 03:42:56 nixos kernel:   9 disabled
Jul 02 03:42:56 nixos kernel: x86/PAT: Configuration [0-7]: WB  WC  UC- UC  WB  WP  UC- WT  
Jul 02 03:42:56 nixos kernel: last_pfn = 0x76a1a max_arch_pfn = 0x400000000
Jul 02 03:42:56 nixos kernel: check: Scanning 1 areas for low memory corruption
Jul 02 03:42:56 nixos kernel: ACPI: Early table checksum verification disabled
Jul 02 03:42:56 nixos kernel: ACPI: RSDP 0x00000000000F0000 000024 (v02 COREv4)
Jul 02 03:42:56 nixos kernel: ACPI: XSDT 0x0000000076B2C0E0 000064 (v01 COREv4 COREBOOT 00000000 CORE 20200717)
Jul 02 03:42:56 nixos kernel: ACPI: FACP 0x0000000076B2F5E0 000114 (v06 COREv4 COREBOOT 00000000 CORE 20200717)
Jul 02 03:42:56 nixos kernel: ACPI: DSDT 0x0000000076B2C280 003353 (v02 COREv4 COREBOOT 20110725 INTL 20200717)
Jul 02 03:42:56 nixos kernel: ACPI: FACS 0x0000000076B2C240 000040
Jul 02 03:42:56 nixos kernel: ACPI: FACS 0x0000000076B2C240 000040
Jul 02 03:42:56 nixos kernel: ACPI: SSDT 0x0000000076B2F700 002CD9 (v02 COREv4 COREBOOT 0000002A CORE 20200717)
Jul 02 03:42:56 nixos kernel: ACPI: MCFG 0x0000000076B323E0 00003C (v01 COREv4 COREBOOT 00000000 CORE 20200717)
Jul 02 03:42:56 nixos kernel: ACPI: TPM2 0x0000000076B32420 00004C (v04 COREv4 COREBOOT 00000000 CORE 20200717)
Jul 02 03:42:56 nixos kernel: ACPI: APIC 0x0000000076B32470 00005C (v03 COREv4 COREBOOT 00000000 CORE 20200717)
Jul 02 03:42:56 nixos kernel: ACPI: DMAR 0x0000000076B324D0 0000A0 (v01 COREv4 COREBOOT 00000000 CORE 20200717)
Jul 02 03:42:56 nixos kernel: ACPI: DBG2 0x0000000076B32570 000054 (v00 COREv4 COREBOOT 00000000 CORE 20200717)
Jul 02 03:42:56 nixos kernel: ACPI: HPET 0x0000000076B325D0 000038 (v01 COREv4 COREBOOT 00000000 CORE 20200717)
Jul 02 03:42:56 nixos kernel: ACPI: Local APIC address 0xfee00000
Jul 02 03:42:56 nixos kernel: Zone ranges:
Jul 02 03:42:56 nixos kernel:   DMA      [mem 0x0000000000001000-0x0000000000ffffff]
Jul 02 03:42:56 nixos kernel:   DMA32    [mem 0x0000000001000000-0x00000000ffffffff]
Jul 02 03:42:56 nixos kernel:   Normal   [mem 0x0000000100000000-0x00000001803fffff]
Jul 02 03:42:56 nixos kernel: Movable zone start for each node
Jul 02 03:42:56 nixos kernel: Early memory node ranges
Jul 02 03:42:56 nixos kernel:   node   0: [mem 0x0000000000001000-0x000000000009ffff]
Jul 02 03:42:56 nixos kernel:   node   0: [mem 0x0000000000100000-0x0000000076a19fff]
Jul 02 03:42:56 nixos kernel:   node   0: [mem 0x0000000100000000-0x00000001803fffff]
Jul 02 03:42:56 nixos kernel: Zeroed struct page in unavailable ranges: 37447 pages
Jul 02 03:42:56 nixos kernel: Initmem setup node 0 [mem 0x0000000000001000-0x00000001803fffff]
Jul 02 03:42:56 nixos kernel: On node 0 totalpages: 1011129
Jul 02 03:42:56 nixos kernel:   DMA zone: 64 pages used for memmap
Jul 02 03:42:56 nixos kernel:   DMA zone: 22 pages reserved
Jul 02 03:42:56 nixos kernel:   DMA zone: 3999 pages, LIFO batch:0
Jul 02 03:42:56 nixos kernel:   DMA32 zone: 7529 pages used for memmap
Jul 02 03:42:56 nixos kernel:   DMA32 zone: 481818 pages, LIFO batch:63
Jul 02 03:42:56 nixos kernel:   Normal zone: 8208 pages used for memmap
Jul 02 03:42:56 nixos kernel:   Normal zone: 525312 pages, LIFO batch:63
Jul 02 03:42:56 nixos kernel: Reserving Intel graphics memory at [mem 0x7c000000-0x7fbfffff]
Jul 02 03:42:56 nixos kernel: ACPI: PM-Timer IO Port: 0x1808
Jul 02 03:42:56 nixos kernel: ACPI: Local APIC address 0xfee00000
Jul 02 03:42:56 nixos kernel: IOAPIC[0]: apic_id 2, version 32, address 0xfec00000, GSI 0-119
Jul 02 03:42:56 nixos kernel: ACPI: INT_SRC_OVR (bus 0 bus_irq 0 global_irq 2 dfl dfl)
Jul 02 03:42:56 nixos kernel: ACPI: INT_SRC_OVR (bus 0 bus_irq 9 global_irq 9 high level)
Jul 02 03:42:56 nixos kernel: ACPI: IRQ0 used by override.
Jul 02 03:42:56 nixos kernel: ACPI: IRQ9 used by override.
Jul 02 03:42:56 nixos kernel: Using ACPI (MADT) for SMP configuration information
Jul 02 03:42:56 nixos kernel: ACPI: HPET id: 0x8086a701 base: 0xfed00000
Jul 02 03:42:56 nixos kernel: TSC deadline timer available
Jul 02 03:42:56 nixos kernel: smpboot: Allowing 2 CPUs, 0 hotplug CPUs
Jul 02 03:42:56 nixos kernel: [mem 0x7fc00000-0xbfffffff] available for PCI devices
Jul 02 03:42:56 nixos kernel: clocksource: refined-jiffies: mask: 0xffffffff max_cycles: 0xffffffff, max_idle_ns: 1910969940391419 ns
Jul 02 03:42:56 nixos kernel: setup_percpu: NR_CPUS:8 nr_cpumask_bits:8 nr_cpu_ids:2 nr_node_ids:1
Jul 02 03:42:56 nixos kernel: percpu: Embedded 52 pages/cpu s172712 r8192 d32088 u1048576
Jul 02 03:42:56 nixos kernel: pcpu-alloc: s172712 r8192 d32088 u1048576 alloc=1*2097152
Jul 02 03:42:56 nixos kernel: pcpu-alloc: [0] 0 1 
Jul 02 03:42:56 nixos kernel: Built 1 zonelists, mobility grouping on.  Total pages: 995306
Jul 02 03:42:56 nixos kernel: Kernel command line: cros_secure console= loglevel=7 init=/sbin/init cros_secure drm.trace=0x106 root=PARTUUID=605fa840-77d9-4a7a-9f64-9c7897f4ad89/PARTNROFF=1 rootwait ro dm_verity.error_behavior=3 dm_verity.max_bios=-1 dm_verity.dev_wait=0 dm="1 vroot none ro 1,0 819200 verity payload=ROOT_DEV hashtree=HASH_DEV hashstart=819200 alg=sha256 root_hexdigest=454ebcbc0aa28ae0459679754f1e638c392060928a530d14d16230fec25ef276 salt=165c2afae3e37effbba0f179356c92ce3066a439de2d1a7334f5e21f7a5b34ce" noinitrd cros_factory_install vt.global_cursor_default=0 kern_guid=605fa840-77d9-4a7a-9f64-9c7897f4ad89 add_efi_memmap boot=local noresume noswap i915.modeset=1 i915.enable_guc=2 gsmi.s0ix_logging_enable=1 intel_pmc_core.warn_on_s0ix_failures=1  
Jul 02 03:42:56 nixos kernel: Setting dangerous option i915.enable_guc - tainting kernel
Jul 02 03:42:56 nixos kernel: Dentry cache hash table entries: 524288 (order: 10, 4194304 bytes, linear)
Jul 02 03:42:56 nixos kernel: Inode-cache hash table entries: 262144 (order: 9, 2097152 bytes, linear)
Jul 02 03:42:56 nixos kernel: mem auto-init: stack:all, heap alloc:off, heap free:off
Jul 02 03:42:56 nixos kernel: Memory: 3875580K/4044516K available (14342K kernel code, 1378K rwdata, 4480K rodata, 3488K init, 720K bss, 168936K reserved, 0K cma-reserved)
Jul 02 03:42:56 nixos kernel: random: get_random_u64 called from __kmem_cache_create+0x28/0x3cd with crng_init=0
Jul 02 03:42:56 nixos kernel: SLUB: HWalign=64, Order=0-3, MinObjects=0, CPUs=2, Nodes=1
Jul 02 03:42:56 nixos kernel: ftrace: allocating 47624 entries in 187 pages
Jul 02 03:42:56 nixos kernel: rcu: Preemptible hierarchical RCU implementation.
Jul 02 03:42:56 nixos kernel: rcu:         RCU restricting CPUs from NR_CPUS=8 to nr_cpu_ids=2.
Jul 02 03:42:56 nixos kernel:         Tasks RCU enabled.
Jul 02 03:42:56 nixos kernel: rcu: RCU calculated value of scheduler-enlistment delay is 100 jiffies.
Jul 02 03:42:56 nixos kernel: rcu: Adjusting geometry for rcu_fanout_leaf=16, nr_cpu_ids=2
Jul 02 03:42:56 nixos kernel: NR_IRQS: 4352, nr_irqs: 512, preallocated irqs: 16
Jul 02 03:42:56 nixos kernel: Console: colour dummy device 80x25
Jul 02 03:42:56 nixos kernel: ACPI: Core revision 20190816
Jul 02 03:42:56 nixos kernel: clocksource: hpet: mask: 0xffffffff max_cycles: 0xffffffff, max_idle_ns: 99544814920 ns
Jul 02 03:42:56 nixos kernel: APIC: Switch to symmetric I/O mode setup
Jul 02 03:42:56 nixos kernel: ..TIMER: vector=0x30 apic1=0 pin1=2 apic2=-1 pin2=-1
Jul 02 03:42:56 nixos kernel: clocksource: tsc-early: mask: 0xffffffffffffffff max_cycles: 0x100d48ce7a0, max_idle_ns: 440795212195 ns
Jul 02 03:42:56 nixos kernel: Calibrating delay loop (skipped), value calculated using timer frequency.. 2227.20 BogoMIPS (lpj=1113600)
Jul 02 03:42:56 nixos kernel: pid_max: default: 32768 minimum: 301
Jul 02 03:42:56 nixos kernel: LSM: Security Framework initializing
Jul 02 03:42:56 nixos kernel: Yama: becoming mindful.
Jul 02 03:42:56 nixos kernel: LoadPin: ready to pin (currently enforcing)
Jul 02 03:42:56 nixos kernel: Chromium OS LSM: enabled
Jul 02 03:42:56 nixos kernel: SELinux:  Initializing.
Jul 02 03:42:56 nixos kernel: Mount-cache hash table entries: 8192 (order: 4, 65536 bytes, linear)
Jul 02 03:42:56 nixos kernel: Mountpoint-cache hash table entries: 8192 (order: 4, 65536 bytes, linear)
Jul 02 03:42:56 nixos kernel: x86/cpu: User Mode Instruction Prevention (UMIP) activated
Jul 02 03:42:56 nixos kernel: mce: CPU0: Thermal monitoring enabled (TM1)
Jul 02 03:42:56 nixos kernel: process: using mwait in idle threads
Jul 02 03:42:56 nixos kernel: Last level iTLB entries: 4KB 0, 2MB 0, 4MB 0
Jul 02 03:42:56 nixos kernel: Last level dTLB entries: 4KB 0, 2MB 0, 4MB 0, 1GB 0
Jul 02 03:42:56 nixos kernel: Spectre V1 : Mitigation: usercopy/swapgs barriers and __user pointer sanitization
Jul 02 03:42:56 nixos kernel: Spectre V2 : Mitigation: Enhanced IBRS
Jul 02 03:42:56 nixos kernel: Spectre V2 : Spectre v2 / SpectreRSB mitigation: Filling RSB on context switch
Jul 02 03:42:56 nixos kernel: Spectre V2 : mitigation: Enabling conditional Indirect Branch Prediction Barrier
Jul 02 03:42:56 nixos kernel: Speculative Store Bypass: Mitigation: Speculative Store Bypass disabled via prctl and seccomp
Jul 02 03:42:56 nixos kernel: Freeing SMP alternatives memory: 36K
Jul 02 03:42:56 nixos kernel: smpboot: CPU0: Intel(R) Celeron(R) N4500 @ 1.10GHz (family: 0x6, model: 0x9c, stepping: 0x0)
Jul 02 03:42:56 nixos kernel: Performance Events: PEBS fmt4+-baseline, PEBS-via-PT, generic architected perfmon, full-width counters, Intel PMU driver.
Jul 02 03:42:56 nixos kernel: ... version:                5
Jul 02 03:42:56 nixos kernel: ... bit width:              48
Jul 02 03:42:56 nixos kernel: ... generic registers:      4
Jul 02 03:42:56 nixos kernel: ... value mask:             0000ffffffffffff
Jul 02 03:42:56 nixos kernel: ... max period:             00007fffffffffff
Jul 02 03:42:56 nixos kernel: ... fixed-purpose events:   3
Jul 02 03:42:56 nixos kernel: ... event mask:             000000070000000f
Jul 02 03:42:56 nixos kernel: rcu: Hierarchical SRCU implementation.
Jul 02 03:42:56 nixos kernel: NMI watchdog: Enabled. Permanently consumes one hw-PMU counter.
Jul 02 03:42:56 nixos kernel: smp: Bringing up secondary CPUs ...
Jul 02 03:42:56 nixos kernel: x86: Booting SMP configuration:
Jul 02 03:42:56 nixos kernel: .... node  #0, CPUs:      #1
Jul 02 03:42:56 nixos kernel: smp: Brought up 1 node, 2 CPUs
Jul 02 03:42:56 nixos kernel: smpboot: Max logical packages: 1
Jul 02 03:42:56 nixos kernel: smpboot: Total of 2 processors activated (4454.40 BogoMIPS)
Jul 02 03:42:56 nixos kernel: devtmpfs: initialized
Jul 02 03:42:56 nixos kernel: clocksource: jiffies: mask: 0xffffffff max_cycles: 0xffffffff, max_idle_ns: 1911260446275000 ns
Jul 02 03:42:56 nixos kernel: futex hash table entries: 512 (order: 3, 32768 bytes, linear)
Jul 02 03:42:56 nixos kernel: pinctrl core: initialized pinctrl subsystem
Jul 02 03:42:56 nixos kernel: PM: RTC time: 07:42:45, date: 2025-07-02
Jul 02 03:42:56 nixos kernel: thermal_sys: Registered thermal governor 'step_wise'
Jul 02 03:42:56 nixos kernel: thermal_sys: Registered thermal governor 'user_space'
Jul 02 03:42:56 nixos kernel: NET: Registered protocol family 16
Jul 02 03:42:56 nixos kernel: audit: initializing netlink subsys (disabled)
Jul 02 03:42:56 nixos kernel: audit: type=2000 audit(1751442165.008:1): state=initialized audit_enabled=0 res=1
Jul 02 03:42:56 nixos kernel: cpuidle: using governor ladder
Jul 02 03:42:56 nixos kernel: cpuidle: using governor teo
Jul 02 03:42:56 nixos kernel: ACPI: bus type PCI registered
Jul 02 03:42:56 nixos kernel: acpiphp: ACPI Hot Plug PCI Controller Driver version: 0.5
Jul 02 03:42:56 nixos kernel: PCI: MMCONFIG for domain 0000 [bus 00-ff] at [mem 0xc0000000-0xcfffffff] (base 0xc0000000)
Jul 02 03:42:56 nixos kernel: PCI: MMCONFIG at [mem 0xc0000000-0xcfffffff] reserved in E820
Jul 02 03:42:56 nixos kernel: PCI: Using configuration type 1 for base access
Jul 02 03:42:56 nixos kernel: ENERGY_PERF_BIAS: Set to 'normal', was 'performance'
Jul 02 03:42:56 nixos kernel: cryptd: max_cpu_qlen set to 1000
Jul 02 03:42:56 nixos kernel: ACPI: Added _OSI(Module Device)
Jul 02 03:42:56 nixos kernel: ACPI: Added _OSI(Processor Device)
Jul 02 03:42:56 nixos kernel: ACPI: Added _OSI(3.0 _SCP Extensions)
Jul 02 03:42:56 nixos kernel: ACPI: Added _OSI(Processor Aggregator Device)
Jul 02 03:42:56 nixos kernel: ACPI: Added _OSI(Linux-Dell-Video)
Jul 02 03:42:56 nixos kernel: ACPI: Added _OSI(Linux-Lenovo-NV-HDMI-Audio)
Jul 02 03:42:56 nixos kernel: ACPI: Added _OSI(Linux-HPI-Hybrid-Graphics)
Jul 02 03:42:56 nixos kernel: ACPI: 2 ACPI AML tables successfully acquired and loaded
Jul 02 03:42:56 nixos kernel: ACPI: EC: EC started
Jul 02 03:42:56 nixos kernel: ACPI: EC: interrupt blocked
Jul 02 03:42:56 nixos kernel: ACPI: \_SB_.PCI0.LPCB.EC0_: Used as first EC
Jul 02 03:42:56 nixos kernel: ACPI: \_SB_.PCI0.LPCB.EC0_: GPE=0x6e, EC_CMD/EC_SC=0x66, EC_DATA=0x62
Jul 02 03:42:56 nixos kernel: ACPI: \_SB_.PCI0.LPCB.EC0_: Boot DSDT EC used to handle transactions
Jul 02 03:42:56 nixos kernel: ACPI: Interpreter enabled
Jul 02 03:42:56 nixos kernel: ACPI: (supports S0 S3 S5)
Jul 02 03:42:56 nixos kernel: ACPI: Using IOAPIC for interrupt routing
Jul 02 03:42:56 nixos kernel: PCI: Using host bridge windows from ACPI; if necessary, use "pci=nocrs" and report a bug
Jul 02 03:42:56 nixos kernel: ACPI: Power Resource [PRIC] (on)
Jul 02 03:42:56 nixos kernel: ACPI: Power Resource [PRIC] (on)
Jul 02 03:42:56 nixos kernel: ACPI: Power Resource [PRIC] (on)
Jul 02 03:42:56 nixos kernel: ACPI: Power Resource [PRIC] (on)
Jul 02 03:42:56 nixos kernel: ACPI: Power Resource [PRIC] (off)
Jul 02 03:42:56 nixos kernel: ACPI: PCI Root Bridge [PCI0] (domain 0000 [bus 00-ff])
Jul 02 03:42:56 nixos kernel: acpi PNP0A08:00: _OSC: OS supports [ExtendedConfig ASPM ClockPM Segments MSI HPX-Type3]
Jul 02 03:42:56 nixos kernel: acpi PNP0A08:00: _OSC: OS now controls [PCIeHotplug PME AER PCIeCapability LTR]
Jul 02 03:42:56 nixos kernel: PCI host bridge to bus 0000:00
Jul 02 03:42:56 nixos kernel: pci_bus 0000:00: root bus resource [io  0x0000-0x0cf7 window]
Jul 02 03:42:56 nixos kernel: pci_bus 0000:00: root bus resource [io  0x0d00-0xffff window]
Jul 02 03:42:56 nixos kernel: pci_bus 0000:00: root bus resource [mem 0x000a0000-0x000bffff window]
Jul 02 03:42:56 nixos kernel: pci_bus 0000:00: root bus resource [mem 0x000c0000-0x000c3fff window]
Jul 02 03:42:56 nixos kernel: pci_bus 0000:00: root bus resource [mem 0x000c4000-0x000c7fff window]
Jul 02 03:42:56 nixos kernel: pci_bus 0000:00: root bus resource [mem 0x000c8000-0x000cbfff window]
Jul 02 03:42:56 nixos kernel: pci_bus 0000:00: root bus resource [mem 0x000cc000-0x000cffff window]
Jul 02 03:42:56 nixos kernel: pci_bus 0000:00: root bus resource [mem 0x000d0000-0x000d3fff window]
Jul 02 03:42:56 nixos kernel: pci_bus 0000:00: root bus resource [mem 0x000d4000-0x000d7fff window]
Jul 02 03:42:56 nixos kernel: pci_bus 0000:00: root bus resource [mem 0x000d8000-0x000dbfff window]
Jul 02 03:42:56 nixos kernel: pci_bus 0000:00: root bus resource [mem 0x000dc000-0x000dffff window]
Jul 02 03:42:56 nixos kernel: pci_bus 0000:00: root bus resource [mem 0x000e0000-0x000e3fff window]
Jul 02 03:42:56 nixos kernel: pci_bus 0000:00: root bus resource [mem 0x000e4000-0x000e7fff window]
Jul 02 03:42:56 nixos kernel: pci_bus 0000:00: root bus resource [mem 0x000e8000-0x000ebfff window]
Jul 02 03:42:56 nixos kernel: pci_bus 0000:00: root bus resource [mem 0x000ec000-0x000effff window]
Jul 02 03:42:56 nixos kernel: pci_bus 0000:00: root bus resource [mem 0x000f0000-0x000fffff window]
Jul 02 03:42:56 nixos kernel: pci_bus 0000:00: root bus resource [mem 0x7fc00000-0xdfffffff window]
Jul 02 03:42:56 nixos kernel: pci_bus 0000:00: root bus resource [mem 0x180400000-0x7fffffffff window]
Jul 02 03:42:56 nixos kernel: pci_bus 0000:00: root bus resource [mem 0xfc800000-0xfe7fffff window]
Jul 02 03:42:56 nixos kernel: pci_bus 0000:00: root bus resource [mem 0xfed40000-0xfed47fff window]
Jul 02 03:42:56 nixos kernel: pci_bus 0000:00: root bus resource [bus 00-ff]
Jul 02 03:42:56 nixos kernel: pci 0000:00:00.0: [8086:4e22] type 00 class 0x060000
Jul 02 03:42:56 nixos kernel: pci 0000:00:02.0: [8086:4e55] type 00 class 0x030000
Jul 02 03:42:56 nixos kernel: pci 0000:00:02.0: reg 0x10: [mem 0x90000000-0x90ffffff 64bit]
Jul 02 03:42:56 nixos kernel: pci 0000:00:02.0: reg 0x18: [mem 0x80000000-0x8fffffff 64bit pref]
Jul 02 03:42:56 nixos kernel: pci 0000:00:02.0: reg 0x20: [io  0x1000-0x103f]
Jul 02 03:42:56 nixos kernel: pci 0000:00:04.0: [8086:4e03] type 00 class 0x118000
Jul 02 03:42:56 nixos kernel: pci 0000:00:04.0: reg 0x10: [mem 0x7fd00000-0x7fd0ffff 64bit]
Jul 02 03:42:56 nixos kernel: pci 0000:00:05.0: [8086:4e19] type 00 class 0x048000
Jul 02 03:42:56 nixos kernel: pci 0000:00:05.0: reg 0x10: [mem 0x91000000-0x91ffffff 64bit]
Jul 02 03:42:56 nixos kernel: pci 0000:00:05.0: enabling Extended Tags
Jul 02 03:42:56 nixos kernel: pci 0000:00:08.0: [8086:4e11] type 00 class 0x088000
Jul 02 03:42:56 nixos kernel: pci 0000:00:08.0: reg 0x10: [mem 0x7fd28000-0x7fd28fff 64bit]
Jul 02 03:42:56 nixos kernel: pci 0000:00:14.0: [8086:4ded] type 00 class 0x0c0330
Jul 02 03:42:56 nixos kernel: pci 0000:00:14.0: reg 0x10: [mem 0x7fd10000-0x7fd1ffff 64bit]
Jul 02 03:42:56 nixos kernel: pci 0000:00:14.0: PME# supported from D3hot D3cold
Jul 02 03:42:56 nixos kernel: pci 0000:00:14.2: [8086:4def] type 00 class 0x050000
Jul 02 03:42:56 nixos kernel: pci 0000:00:14.2: reg 0x10: [mem 0x00000000-0x00001fff 64bit]
Jul 02 03:42:56 nixos kernel: pci 0000:00:14.2: reg 0x18: [mem 0x00000000-0x00000fff 64bit]
Jul 02 03:42:56 nixos kernel: pci 0000:00:14.3: [8086:4df0] type 00 class 0x028000
Jul 02 03:42:56 nixos kernel: pci 0000:00:14.3: reg 0x10: [mem 0x7fd20000-0x7fd23fff 64bit]
Jul 02 03:42:56 nixos kernel: pci 0000:00:14.3: PME# supported from D0 D3hot D3cold
Jul 02 03:42:56 nixos kernel: pci 0000:00:14.5: [8086:4df8] type 00 class 0x080501
Jul 02 03:42:56 nixos kernel: pci 0000:00:14.5: reg 0x10: [mem 0x7fd29000-0x7fd29fff 64bit]
Jul 02 03:42:56 nixos kernel: pci 0000:00:15.0: [8086:4de8] type 00 class 0x0c8000
Jul 02 03:42:56 nixos kernel: pci 0000:00:15.0: reg 0x10: [mem 0x7fd2a000-0x7fd2afff 64bit]
Jul 02 03:42:56 nixos kernel: pci 0000:00:15.1: [8086:4de9] type 00 class 0x0c8000
Jul 02 03:42:56 nixos kernel: pci 0000:00:15.1: reg 0x10: [mem 0x7fd2b000-0x7fd2bfff 64bit]
Jul 02 03:42:56 nixos kernel: pci 0000:00:15.2: [8086:4dea] type 00 class 0x0c8000
Jul 02 03:42:56 nixos kernel: pci 0000:00:15.2: reg 0x10: [mem 0x7fd2c000-0x7fd2cfff 64bit]
Jul 02 03:42:56 nixos kernel: pci 0000:00:15.3: [8086:4deb] type 00 class 0x0c8000
Jul 02 03:42:56 nixos kernel: pci 0000:00:15.3: reg 0x10: [mem 0x7fd2d000-0x7fd2dfff 64bit]
Jul 02 03:42:56 nixos kernel: pci 0000:00:19.0: [8086:4dc5] type 00 class 0x0c8000
Jul 02 03:42:56 nixos kernel: pci 0000:00:19.0: reg 0x10: [mem 0x7fd2f000-0x7fd2ffff 64bit]
Jul 02 03:42:56 nixos kernel: pci 0000:00:19.2: [8086:4dc7] type 00 class 0x078000
Jul 02 03:42:56 nixos kernel: pci 0000:00:19.2: reg 0x10: [mem 0xfe032000-0xfe032fff 64bit]
Jul 02 03:42:56 nixos kernel: pci 0000:00:19.2: reg 0x18: [mem 0x7fd30000-0x7fd30fff 64bit]
Jul 02 03:42:56 nixos kernel: pci 0000:00:1a.0: [8086:4dc4] type 00 class 0x080501
Jul 02 03:42:56 nixos kernel: pci 0000:00:1a.0: reg 0x10: [mem 0x7fd31000-0x7fd31fff 64bit]
Jul 02 03:42:56 nixos kernel: pci 0000:00:1e.0: [8086:4da8] type 00 class 0x078000
Jul 02 03:42:56 nixos kernel: pci 0000:00:1e.0: reg 0x10: [mem 0x00000000-0x00000fff 64bit]
Jul 02 03:42:56 nixos kernel: pci 0000:00:1e.2: [8086:4daa] type 00 class 0x0c8000
Jul 02 03:42:56 nixos kernel: pci 0000:00:1e.2: reg 0x10: [mem 0x7fd32000-0x7fd32fff 64bit]
Jul 02 03:42:56 nixos kernel: pci 0000:00:1f.0: [8086:4d87] type 00 class 0x060100
Jul 02 03:42:56 nixos kernel: pci 0000:00:1f.3: [8086:4dc8] type 00 class 0x040100
Jul 02 03:42:56 nixos kernel: pci 0000:00:1f.3: reg 0x10: [mem 0x7fd24000-0x7fd27fff 64bit]
Jul 02 03:42:56 nixos kernel: pci 0000:00:1f.3: reg 0x20: [mem 0x7fc00000-0x7fcfffff 64bit]
Jul 02 03:42:56 nixos kernel: pci 0000:00:1f.3: PME# supported from D3hot D3cold
Jul 02 03:42:56 nixos kernel: pci 0000:00:1f.5: [8086:4da4] type 00 class 0x0c8000
Jul 02 03:42:56 nixos kernel: pci 0000:00:1f.5: reg 0x10: [mem 0xfe010000-0xfe010fff]
Jul 02 03:42:56 nixos kernel: pci_bus 0000:00: on NUMA node 0
Jul 02 03:42:56 nixos kernel: ACPI: EC: interrupt unblocked
Jul 02 03:42:56 nixos kernel: ACPI: EC: event unblocked
Jul 02 03:42:56 nixos kernel: ACPI: \_SB_.PCI0.LPCB.EC0_: GPE=0x6e, EC_CMD/EC_SC=0x66, EC_DATA=0x62
Jul 02 03:42:56 nixos kernel: ACPI: \_SB_.PCI0.LPCB.EC0_: Boot DSDT EC used to handle transactions and events
Jul 02 03:42:56 nixos kernel: iommu: Default domain type: Translated 
Jul 02 03:42:56 nixos kernel: SCSI subsystem initialized
Jul 02 03:42:56 nixos kernel: libata version 3.00 loaded.
Jul 02 03:42:56 nixos kernel: ACPI: bus type USB registered
Jul 02 03:42:56 nixos kernel: usbcore: registered new interface driver usbfs
Jul 02 03:42:56 nixos kernel: usbcore: registered new interface driver hub
Jul 02 03:42:56 nixos kernel: usbcore: registered new device driver usb
Jul 02 03:42:56 nixos kernel: mc: Linux media interface: v0.10
Jul 02 03:42:56 nixos kernel: videodev: Linux video capture interface: v2.00
Jul 02 03:42:56 nixos kernel: chromeos_acpi: registering CHSW 0
Jul 02 03:42:56 nixos kernel: chromeos_acpi: registering VBNV 0
Jul 02 03:42:56 nixos kernel: chromeos_acpi: registering VBNV 1
Jul 02 03:42:56 nixos kernel: chromeos_acpi: truncating buffer from 3072 to 1336
Jul 02 03:42:56 nixos kernel: chromeos_acpi: installed
Jul 02 03:42:56 nixos kernel: Advanced Linux Sound Architecture Driver Initialized.
Jul 02 03:42:56 nixos kernel: PCI: Using ACPI for IRQ routing
Jul 02 03:42:56 nixos kernel: PCI: pci_cache_line_size set to 64 bytes
Jul 02 03:42:56 nixos kernel: e820: reserve RAM buffer [mem 0x76a1a000-0x77ffffff]
Jul 02 03:42:56 nixos kernel: e820: reserve RAM buffer [mem 0x180400000-0x183ffffff]
Jul 02 03:42:56 nixos kernel: hpet0: at MMIO 0xfed00000, IRQs 2, 8, 0, 0, 0, 0, 0, 0
Jul 02 03:42:56 nixos kernel: hpet0: 8 comparators, 64-bit 19.200000 MHz counter
Jul 02 03:42:56 nixos kernel: clocksource: Switched to clocksource tsc-early
Jul 02 03:42:56 nixos kernel: VFS: Disk quotas dquot_6.6.0
Jul 02 03:42:56 nixos kernel: VFS: Dquot-cache hash table entries: 512 (order 0, 4096 bytes)
Jul 02 03:42:56 nixos kernel: pnp: PnP ACPI init
Jul 02 03:42:56 nixos kernel: system 00:00: [mem 0xfea80000-0xfea87fff] has been reserved
Jul 02 03:42:56 nixos kernel: system 00:00: [mem 0xfeda0000-0xfeda0fff] has been reserved
Jul 02 03:42:56 nixos kernel: system 00:00: [mem 0xfeda1000-0xfeda1fff] has been reserved
Jul 02 03:42:56 nixos kernel: system 00:00: [mem 0xc0000000-0xcfffffff] has been reserved
Jul 02 03:42:56 nixos kernel: system 00:00: [mem 0xfed90000-0xfed93fff] could not be reserved
Jul 02 03:42:56 nixos kernel: system 00:00: [mem 0xff000000-0xffffffff] has been reserved
Jul 02 03:42:56 nixos kernel: system 00:00: [mem 0xfee00000-0xfeefffff] has been reserved
Jul 02 03:42:56 nixos kernel: system 00:00: [mem 0xfed00000-0xfed003ff] has been reserved
Jul 02 03:42:56 nixos kernel: system 00:00: Plug and Play ACPI device, IDs PNP0c02 (active)
Jul 02 03:42:56 nixos kernel: system 00:01: [mem 0xfed00000-0xfed003ff] has been reserved
Jul 02 03:42:56 nixos kernel: system 00:01: Plug and Play ACPI device, IDs PNP0103 PNP0c01 (active)
Jul 02 03:42:56 nixos kernel: system 00:02: [io  0x1800-0x18fe] has been reserved
Jul 02 03:42:56 nixos kernel: system 00:02: Plug and Play ACPI device, IDs PNP0c02 (active)
Jul 02 03:42:56 nixos kernel: pnp 00:03: Plug and Play ACPI device, IDs PNP0b00 (active)
Jul 02 03:42:56 nixos kernel: system 00:04: [io  0x0900-0x09fe] has been reserved
Jul 02 03:42:56 nixos kernel: system 00:04: Plug and Play ACPI device, IDs PNP0c02 (active)
Jul 02 03:42:56 nixos kernel: system 00:05: [io  0x0200] has been reserved
Jul 02 03:42:56 nixos kernel: system 00:05: [io  0x0204] has been reserved
Jul 02 03:42:56 nixos kernel: system 00:05: [io  0x0800-0x087f] has been reserved
Jul 02 03:42:56 nixos kernel: system 00:05: [io  0x0880-0x08ff] has been reserved
Jul 02 03:42:56 nixos kernel: system 00:05: Plug and Play ACPI device, IDs PNP0c02 (active)
Jul 02 03:42:56 nixos kernel: pnp 00:06: Plug and Play ACPI device, IDs PNP0303 PNP030b (active)
Jul 02 03:42:56 nixos kernel: pnp: PnP ACPI: found 7 devices
Jul 02 03:42:56 nixos kernel: clocksource: acpi_pm: mask: 0xffffff max_cycles: 0xffffff, max_idle_ns: 2085701024 ns
Jul 02 03:42:56 nixos kernel: pci 0000:00:14.2: BAR 0: assigned [mem 0x180400000-0x180401fff 64bit]
Jul 02 03:42:56 nixos kernel: pci 0000:00:14.2: BAR 2: assigned [mem 0x180402000-0x180402fff 64bit]
Jul 02 03:42:56 nixos kernel: pci 0000:00:1e.0: BAR 0: assigned [mem 0x180403000-0x180403fff 64bit]
Jul 02 03:42:56 nixos kernel: pci_bus 0000:00: resource 4 [io  0x0000-0x0cf7 window]
Jul 02 03:42:56 nixos kernel: pci_bus 0000:00: resource 5 [io  0x0d00-0xffff window]
Jul 02 03:42:56 nixos kernel: pci_bus 0000:00: resource 6 [mem 0x000a0000-0x000bffff window]
Jul 02 03:42:56 nixos kernel: pci_bus 0000:00: resource 7 [mem 0x000c0000-0x000c3fff window]
Jul 02 03:42:56 nixos kernel: pci_bus 0000:00: resource 8 [mem 0x000c4000-0x000c7fff window]
Jul 02 03:42:56 nixos kernel: pci_bus 0000:00: resource 9 [mem 0x000c8000-0x000cbfff window]
Jul 02 03:42:56 nixos kernel: pci_bus 0000:00: resource 10 [mem 0x000cc000-0x000cffff window]
Jul 02 03:42:56 nixos kernel: pci_bus 0000:00: resource 11 [mem 0x000d0000-0x000d3fff window]
Jul 02 03:42:56 nixos kernel: pci_bus 0000:00: resource 12 [mem 0x000d4000-0x000d7fff window]
Jul 02 03:42:56 nixos kernel: pci_bus 0000:00: resource 13 [mem 0x000d8000-0x000dbfff window]
Jul 02 03:42:56 nixos kernel: pci_bus 0000:00: resource 14 [mem 0x000dc000-0x000dffff window]
Jul 02 03:42:56 nixos kernel: pci_bus 0000:00: resource 15 [mem 0x000e0000-0x000e3fff window]
Jul 02 03:42:56 nixos kernel: pci_bus 0000:00: resource 16 [mem 0x000e4000-0x000e7fff window]
Jul 02 03:42:56 nixos kernel: pci_bus 0000:00: resource 17 [mem 0x000e8000-0x000ebfff window]
Jul 02 03:42:56 nixos kernel: pci_bus 0000:00: resource 18 [mem 0x000ec000-0x000effff window]
Jul 02 03:42:56 nixos kernel: pci_bus 0000:00: resource 19 [mem 0x000f0000-0x000fffff window]
Jul 02 03:42:56 nixos kernel: pci_bus 0000:00: resource 20 [mem 0x7fc00000-0xdfffffff window]
Jul 02 03:42:56 nixos kernel: pci_bus 0000:00: resource 21 [mem 0x180400000-0x7fffffffff window]
Jul 02 03:42:56 nixos kernel: pci_bus 0000:00: resource 22 [mem 0xfc800000-0xfe7fffff window]
Jul 02 03:42:56 nixos kernel: pci_bus 0000:00: resource 23 [mem 0xfed40000-0xfed47fff window]
Jul 02 03:42:56 nixos kernel: NET: Registered protocol family 2
Jul 02 03:42:56 nixos kernel: tcp_listen_portaddr_hash hash table entries: 2048 (order: 4, 81920 bytes, linear)
Jul 02 03:42:56 nixos kernel: TCP established hash table entries: 32768 (order: 6, 262144 bytes, linear)
Jul 02 03:42:56 nixos kernel: TCP bind hash table entries: 32768 (order: 8, 1048576 bytes, linear)
Jul 02 03:42:56 nixos kernel: TCP: Hash tables configured (established 32768 bind 32768)
Jul 02 03:42:56 nixos kernel: UDP hash table entries: 2048 (order: 5, 196608 bytes, linear)
Jul 02 03:42:56 nixos kernel: UDP-Lite hash table entries: 2048 (order: 5, 196608 bytes, linear)
Jul 02 03:42:56 nixos kernel: NET: Registered protocol family 1
Jul 02 03:42:56 nixos kernel: pci 0000:00:02.0: Video device with shadowed ROM at [mem 0x000c0000-0x000dffff]
Jul 02 03:42:56 nixos kernel: PCI: CLS 64 bytes, default 64
Jul 02 03:42:56 nixos kernel: DMAR: Host address width 39
Jul 02 03:42:56 nixos kernel: DMAR: DRHD base: 0x000000fed90000 flags: 0x0
Jul 02 03:42:56 nixos kernel: DMAR: dmar0: reg_base_addr fed90000 ver 4:0 cap 1c0000c40660462 ecap 49e2ff0505e
Jul 02 03:42:56 nixos kernel: DMAR: DRHD base: 0x000000fed92000 flags: 0x0
Jul 02 03:42:56 nixos kernel: DMAR: dmar1: reg_base_addr fed92000 ver 1:0 cap d2008c40660462 ecap f050da
Jul 02 03:42:56 nixos kernel: DMAR: DRHD base: 0x000000fed91000 flags: 0x1
Jul 02 03:42:56 nixos kernel: DMAR: dmar2: reg_base_addr fed91000 ver 1:0 cap d2008c40660462 ecap f050da
Jul 02 03:42:56 nixos kernel: DMAR: RMRR base: 0x0000007b800000 end: 0x0000007fbfffff
Jul 02 03:42:56 nixos kernel: PCI-DMA: Using software bounce buffering for IO (SWIOTLB)
Jul 02 03:42:56 nixos kernel: software IO TLB: mapped [mem 0x72a1a000-0x76a1a000] (64MB)
Jul 02 03:42:56 nixos kernel: kvm: already loaded the other module
Jul 02 03:42:56 nixos kernel: clocksource: tsc: mask: 0xffffffffffffffff max_cycles: 0x100d48ce7a0, max_idle_ns: 440795212195 ns
Jul 02 03:42:56 nixos kernel: clocksource: Switched to clocksource tsc
Jul 02 03:42:56 nixos kernel: check: Scanning for low memory corruption every 60 seconds
Jul 02 03:42:56 nixos kernel: Initialise system trusted keyrings
Jul 02 03:42:56 nixos kernel: workingset: timestamp_bits=62 max_order=20 bucket_order=0
Jul 02 03:42:56 nixos kernel: squashfs: version 4.0 (2009/01/31) Phillip Lougher
Jul 02 03:42:56 nixos kernel: Registering esdfs 0.2
Jul 02 03:42:56 nixos kernel: alt_syscall: table 'read_write_test' available.
Jul 02 03:42:56 nixos kernel: alt_syscall: table 'android' available.
Jul 02 03:42:56 nixos kernel: alt_syscall: table 'android_permissive' available.
Jul 02 03:42:56 nixos kernel: alt_syscall: table 'third_party' available.
Jul 02 03:42:56 nixos kernel: alt_syscall: table 'third_party_permissive' available.
Jul 02 03:42:56 nixos kernel: alt_syscall: table 'complete' available.
Jul 02 03:42:56 nixos kernel: alt_syscall: table 'complete_permissive' available.
Jul 02 03:42:56 nixos kernel: Key type asymmetric registered
Jul 02 03:42:56 nixos kernel: Asymmetric key parser 'x509' registered
Jul 02 03:42:56 nixos kernel: Block layer SCSI generic (bsg) driver version 0.4 loaded (major 248)
Jul 02 03:42:56 nixos kernel: io scheduler mq-deadline registered
Jul 02 03:42:56 nixos kernel: io scheduler kyber registered
Jul 02 03:42:56 nixos kernel: io scheduler bfq registered
Jul 02 03:42:56 nixos kernel: gpiochip_find_base: found new base at 172
Jul 02 03:42:56 nixos kernel: gpio gpiochip0: (INT34C8:00): created GPIO range 320->339 ==> INT34C8:00 PIN 0->19
Jul 02 03:42:56 nixos kernel: gpio gpiochip0: (INT34C8:00): created GPIO range 32->57 ==> INT34C8:00 PIN 29->54
Jul 02 03:42:56 nixos kernel: gpio gpiochip0: (INT34C8:00): created GPIO range 64->84 ==> INT34C8:00 PIN 55->75
Jul 02 03:42:56 nixos kernel: gpio gpiochip0: (INT34C8:00): created GPIO range 96->103 ==> INT34C8:00 PIN 76->83
Jul 02 03:42:56 nixos kernel: gpio gpiochip0: (INT34C8:00): created GPIO range 128->135 ==> INT34C8:00 PIN 84->91
Jul 02 03:42:56 nixos kernel: gpio gpiochip0: (INT34C8:00): created GPIO range 160->183 ==> INT34C8:00 PIN 92->115
Jul 02 03:42:56 nixos kernel: gpio gpiochip0: (INT34C8:00): created GPIO range 192->217 ==> INT34C8:00 PIN 116->141
Jul 02 03:42:56 nixos kernel: gpio gpiochip0: (INT34C8:00): created GPIO range 224->252 ==> INT34C8:00 PIN 142->170
Jul 02 03:42:56 nixos kernel: gpio gpiochip0: (INT34C8:00): created GPIO range 256->279 ==> INT34C8:00 PIN 171->194
Jul 02 03:42:56 nixos kernel: gpio gpiochip0: (INT34C8:00): created GPIO range 288->311 ==> INT34C8:00 PIN 201->224
Jul 02 03:42:56 nixos kernel: gpio gpiochip0: (INT34C8:00): created GPIO range 0->7 ==> INT34C8:00 PIN 225->232
Jul 02 03:42:56 nixos kernel: gpio gpiochip0: (INT34C8:00): added GPIO chardev (254:0)
Jul 02 03:42:56 nixos kernel: gpiochip_setup_dev: registered GPIOs 172 to 511 on device: gpiochip0 (INT34C8:00)
Jul 02 03:42:56 nixos kernel: intel_idle: MWAIT substates: 0x11122020
Jul 02 03:42:56 nixos kernel: Monitor-Mwait will be used to enter C-1 state
Jul 02 03:42:56 nixos kernel: Monitor-Mwait will be used to enter C-2 state
Jul 02 03:42:56 nixos kernel: Monitor-Mwait will be used to enter C-3 state
Jul 02 03:42:56 nixos kernel: ACPI: \_SB_.CP00: Found 3 idle states
Jul 02 03:42:56 nixos kernel: intel_idle: v0.4.1 model 0x9C
Jul 02 03:42:56 nixos kernel: intel_idle: lapic_timer_reliable_states 0xffffffff
Jul 02 03:42:56 nixos kernel: input: Lid Switch as /devices/LNXSYSTM:00/LNXSYBUS:00/PNP0A08:00/device:02/PNP0C09:00/PNP0C0D:00/input/input0
Jul 02 03:42:56 nixos kernel: ACPI: Lid Switch [LID0]
Jul 02 03:42:56 nixos kernel: input: Power Button as /devices/LNXSYSTM:00/LNXPWRBN:00/input/input1
Jul 02 03:42:56 nixos kernel: ACPI: Power Button [PWRF]
Jul 02 03:42:56 nixos kernel: Serial: 8250/16550 driver, 4 ports, IRQ sharing disabled
Jul 02 03:42:56 nixos kernel: Non-volatile memory driver v1.3
Jul 02 03:42:56 nixos kernel: Linux agpgart interface v0.103
Jul 02 03:42:56 nixos kernel: battery: ACPI: Battery Slot [BAT0] (battery present)
Jul 02 03:42:56 nixos kernel: pci 0000:00:02.0: attach allowed to drvr i915 [trusted device]
Jul 02 03:42:56 nixos kernel: [drm] Supports vblank timestamp caching Rev 2 (21.10.2013).
Jul 02 03:42:56 nixos kernel: [drm] Driver supports precise vblank timestamp query.
Jul 02 03:42:56 nixos kernel: i915 0000:00:02.0: [drm] Panel advertises DPCD backlight support, but VBT disagrees. If your backlight controls don't work try booting with i915.enable_dpcd_backlight=1. If your machine needs this, please file a _new_ bug report on drm/i915, see https://gitlab.freedesktop.org/drm/intel/-/wikis/How-to-file-i915-bugs for details.
Jul 02 03:42:56 nixos kernel: [drm] GuC communication enabled
Jul 02 03:42:56 nixos kernel: i915 0000:00:02.0: GuC firmware i915/ehl_guc_33.0.4.bin version 33.0 submission:disabled
Jul 02 03:42:56 nixos kernel: i915 0000:00:02.0: HuC firmware i915/ehl_huc_9.0.0.bin version 9.0 authenticated:yes
Jul 02 03:42:56 nixos kernel: [drm] Initialized i915 1.6.0 20200114 for 0000:00:02.0 on minor 0
Jul 02 03:42:56 nixos kernel: [drm] Initialized vgem 1.0.0 20120112 for vgem on minor 1
Jul 02 03:42:56 nixos kernel: usbcore: registered new interface driver udl
Jul 02 03:42:56 nixos kernel: loop: module loaded
Jul 02 03:42:56 nixos kernel: lkdtm: No crash points registered, enable through debugfs
Jul 02 03:42:56 nixos kernel: pci 0000:00:15.0: attach allowed to drvr intel-lpss [trusted device]
Jul 02 03:42:56 nixos kernel: idma64 idma64.0: Found Intel integrated DMA 64-bit
Jul 02 03:42:56 nixos kernel: i2c_designware i2c_designware.0: GPIO lookup for consumer scl
Jul 02 03:42:56 nixos kernel: i2c_designware i2c_designware.0: using ACPI for GPIO lookup
Jul 02 03:42:56 nixos kernel: acpi device:13: GPIO: looking up scl-gpios
Jul 02 03:42:56 nixos kernel: acpi device:13: GPIO: looking up scl-gpio
Jul 02 03:42:56 nixos kernel: i2c_designware i2c_designware.0: using lookup tables for GPIO lookup
Jul 02 03:42:56 nixos kernel: i2c_designware i2c_designware.0: No GPIO consumer scl found
Jul 02 03:42:56 nixos kernel: pci 0000:00:15.1: attach allowed to drvr intel-lpss [trusted device]
Jul 02 03:42:56 nixos kernel: idma64 idma64.1: Found Intel integrated DMA 64-bit
Jul 02 03:42:56 nixos kernel: i2c_designware i2c_designware.1: GPIO lookup for consumer scl
Jul 02 03:42:56 nixos kernel: i2c_designware i2c_designware.1: using ACPI for GPIO lookup
Jul 02 03:42:56 nixos kernel: acpi device:14: GPIO: looking up scl-gpios
Jul 02 03:42:56 nixos kernel: acpi device:14: GPIO: looking up scl-gpio
Jul 02 03:42:56 nixos kernel: i2c_designware i2c_designware.1: using lookup tables for GPIO lookup
Jul 02 03:42:56 nixos kernel: i2c_designware i2c_designware.1: No GPIO consumer scl found
Jul 02 03:42:56 nixos kernel: pci 0000:00:15.2: attach allowed to drvr intel-lpss [trusted device]
Jul 02 03:42:56 nixos kernel: idma64 idma64.2: Found Intel integrated DMA 64-bit
Jul 02 03:42:56 nixos kernel: i2c_designware i2c_designware.2: GPIO lookup for consumer scl
Jul 02 03:42:56 nixos kernel: i2c_designware i2c_designware.2: using ACPI for GPIO lookup
Jul 02 03:42:56 nixos kernel: acpi device:15: GPIO: looking up scl-gpios
Jul 02 03:42:56 nixos kernel: acpi device:15: GPIO: looking up scl-gpio
Jul 02 03:42:56 nixos kernel: i2c_designware i2c_designware.2: using lookup tables for GPIO lookup
Jul 02 03:42:56 nixos kernel: i2c_designware i2c_designware.2: No GPIO consumer scl found
Jul 02 03:42:56 nixos kernel: i2c i2c-14: failed to add I2C device ELAN0001:00 from ACPI
Jul 02 03:42:56 nixos kernel: i2c i2c-14: failed to add I2C device GTCH7503:00 from ACPI
Jul 02 03:42:56 nixos kernel: i2c i2c-14: failed to add I2C device GDIX0000:00 from ACPI
Jul 02 03:42:56 nixos kernel: i2c i2c-14: failed to add I2C device ELAN2513:00 from ACPI
Jul 02 03:42:56 nixos kernel: pci 0000:00:15.3: attach allowed to drvr intel-lpss [trusted device]
Jul 02 03:42:56 nixos kernel: idma64 idma64.3: Found Intel integrated DMA 64-bit
Jul 02 03:42:56 nixos kernel: i2c_designware i2c_designware.3: GPIO lookup for consumer scl
Jul 02 03:42:56 nixos kernel: i2c_designware i2c_designware.3: using ACPI for GPIO lookup
Jul 02 03:42:56 nixos kernel: acpi device:16: GPIO: looking up scl-gpios
Jul 02 03:42:56 nixos kernel: acpi device:16: GPIO: looking up scl-gpio
Jul 02 03:42:56 nixos kernel: i2c_designware i2c_designware.3: using lookup tables for GPIO lookup
Jul 02 03:42:56 nixos kernel: i2c_designware i2c_designware.3: No GPIO consumer scl found
Jul 02 03:42:56 nixos kernel: pci 0000:00:19.0: attach allowed to drvr intel-lpss [trusted device]
Jul 02 03:42:56 nixos kernel: i2c_designware i2c_designware.4: GPIO lookup for consumer scl
Jul 02 03:42:56 nixos kernel: i2c_designware i2c_designware.4: using ACPI for GPIO lookup
Jul 02 03:42:56 nixos kernel: acpi device:17: GPIO: looking up scl-gpios
Jul 02 03:42:56 nixos kernel: acpi device:17: GPIO: looking up scl-gpio
Jul 02 03:42:56 nixos kernel: i2c_designware i2c_designware.4: using lookup tables for GPIO lookup
Jul 02 03:42:56 nixos kernel: i2c_designware i2c_designware.4: No GPIO consumer scl found
Jul 02 03:42:56 nixos kernel: pci 0000:00:19.2: attach allowed to drvr intel-lpss [trusted device]
Jul 02 03:42:56 nixos kernel: dw-apb-uart.5: ttyS0 at MMIO 0xfe032000 (irq = 34, base_baud = 115200) is a 16550A
Jul 02 03:42:56 nixos kernel: pci 0000:00:1e.0: attach allowed to drvr intel-lpss [trusted device]
Jul 02 03:42:56 nixos kernel: intel-lpss 0000:00:1e.0: enabling device (0000 -> 0002)
Jul 02 03:42:56 nixos kernel: idma64 idma64.6: Found Intel integrated DMA 64-bit
Jul 02 03:42:56 nixos kernel: dw-apb-uart.6: ttyS1 at MMIO 0x180403000 (irq = 20, base_baud = 7500000) is a 16550A
Jul 02 03:42:56 nixos kernel: pci 0000:00:1e.2: attach allowed to drvr intel-lpss [trusted device]
Jul 02 03:42:56 nixos kernel: idma64 idma64.7: Found Intel integrated DMA 64-bit
Jul 02 03:42:56 nixos kernel: PPP generic driver version 2.4.2
Jul 02 03:42:56 nixos kernel: PPP MPPE Compression module registered
Jul 02 03:42:56 nixos kernel: ehci_hcd: USB 2.0 'Enhanced' Host Controller (EHCI) Driver
Jul 02 03:42:56 nixos kernel: ehci-pci: EHCI PCI platform driver
Jul 02 03:42:56 nixos kernel: ohci_hcd: USB 1.1 'Open' Host Controller (OHCI) Driver
Jul 02 03:42:56 nixos kernel: ohci-pci: OHCI PCI platform driver
Jul 02 03:42:56 nixos kernel: uhci_hcd: USB Universal Host Controller Interface driver
Jul 02 03:42:56 nixos kernel: pci 0000:00:14.0: attach allowed to drvr xhci_hcd [trusted device]
Jul 02 03:42:56 nixos kernel: xhci_hcd 0000:00:14.0: xHCI Host Controller
Jul 02 03:42:56 nixos kernel: xhci_hcd 0000:00:14.0: new USB bus registered, assigned bus number 1
Jul 02 03:42:56 nixos kernel: xhci_hcd 0000:00:14.0: hcc params 0x20007fc1 hci version 0x110 quirks 0x0000000000009810
Jul 02 03:42:56 nixos kernel: xhci_hcd 0000:00:14.0: cache line size of 64 is not supported
Jul 02 03:42:56 nixos kernel: usb usb1: New USB device found, idVendor=1d6b, idProduct=0002, bcdDevice= 5.04
Jul 02 03:42:56 nixos kernel: usb usb1: New USB device strings: Mfr=3, Product=2, SerialNumber=1
Jul 02 03:42:56 nixos kernel: usb usb1: Product: xHCI Host Controller
Jul 02 03:42:56 nixos kernel: usb usb1: Manufacturer: Linux 5.4.85-22138-ga9994f5cad40 xhci-hcd
Jul 02 03:42:56 nixos kernel: usb usb1: SerialNumber: 0000:00:14.0
Jul 02 03:42:56 nixos kernel: hub 1-0:1.0: USB hub found
Jul 02 03:42:56 nixos kernel: hub 1-0:1.0: 8 ports detected
Jul 02 03:42:56 nixos kernel: xhci_hcd 0000:00:14.0: xHCI Host Controller
Jul 02 03:42:56 nixos kernel: xhci_hcd 0000:00:14.0: new USB bus registered, assigned bus number 2
Jul 02 03:42:56 nixos kernel: xhci_hcd 0000:00:14.0: Host supports USB 3.1 Enhanced SuperSpeed
Jul 02 03:42:56 nixos kernel: usb usb2: New USB device found, idVendor=1d6b, idProduct=0003, bcdDevice= 5.04
Jul 02 03:42:56 nixos kernel: usb usb2: New USB device strings: Mfr=3, Product=2, SerialNumber=1
Jul 02 03:42:56 nixos kernel: usb usb2: Product: xHCI Host Controller
Jul 02 03:42:56 nixos kernel: usb usb2: Manufacturer: Linux 5.4.85-22138-ga9994f5cad40 xhci-hcd
Jul 02 03:42:56 nixos kernel: usb usb2: SerialNumber: 0000:00:14.0
Jul 02 03:42:56 nixos kernel: hub 2-0:1.0: USB hub found
Jul 02 03:42:56 nixos kernel: hub 2-0:1.0: 6 ports detected
Jul 02 03:42:56 nixos kernel: usbcore: registered new interface driver cdc_acm
Jul 02 03:42:56 nixos kernel: cdc_acm: USB Abstract Control Model driver for USB modems and ISDN adapters
Jul 02 03:42:56 nixos kernel: usbcore: registered new interface driver uas
Jul 02 03:42:56 nixos kernel: usbcore: registered new interface driver usb-storage
Jul 02 03:42:56 nixos kernel: usbcore: registered new interface driver ums-realtek
Jul 02 03:42:56 nixos kernel: usbcore: registered new interface driver usbserial_generic
Jul 02 03:42:56 nixos kernel: usbserial: USB Serial support registered for generic
Jul 02 03:42:56 nixos kernel: i8042: PNP: PS/2 Controller [PNP0303:PS2K] at 0x60,0x64 irq 1
Jul 02 03:42:56 nixos kernel: i8042: PNP: PS/2 appears to have AUX port disabled, if this is incorrect please boot with i8042.nopnp
Jul 02 03:42:56 nixos kernel: serio: i8042 KBD port at 0x60,0x64 irq 1
Jul 02 03:42:56 nixos kernel: rtc_cmos 00:03: RTC can wake from S4
Jul 02 03:42:56 nixos kernel: rtc_cmos 00:03: registered as rtc0
Jul 02 03:42:56 nixos kernel: rtc_cmos 00:03: GPIO lookup for consumer wp
Jul 02 03:42:56 nixos kernel: rtc_cmos 00:03: using ACPI for GPIO lookup
Jul 02 03:42:56 nixos kernel: acpi PNP0B00:00: GPIO: looking up wp-gpios
Jul 02 03:42:56 nixos kernel: acpi PNP0B00:00: GPIO: looking up wp-gpio
Jul 02 03:42:56 nixos kernel: rtc_cmos 00:03: using lookup tables for GPIO lookup
Jul 02 03:42:56 nixos kernel: rtc_cmos 00:03: No GPIO consumer wp found
Jul 02 03:42:56 nixos kernel: rtc_cmos 00:03: alarms up to one month, 242 bytes nvram
Jul 02 03:42:56 nixos kernel: i2c /dev entries driver
Jul 02 03:42:56 nixos kernel: IR NEC protocol handler initialized
Jul 02 03:42:56 nixos kernel: IR RC5(x/sz) protocol handler initialized
Jul 02 03:42:56 nixos kernel: IR RC6 protocol handler initialized
Jul 02 03:42:56 nixos kernel: IR JVC protocol handler initialized
Jul 02 03:42:56 nixos kernel: IR Sony protocol handler initialized
Jul 02 03:42:56 nixos kernel: IR SANYO protocol handler initialized
Jul 02 03:42:56 nixos kernel: IR Sharp protocol handler initialized
Jul 02 03:42:56 nixos kernel: IR MCE Keyboard/mouse protocol handler initialized
Jul 02 03:42:56 nixos kernel: IR XMP protocol handler initialized
Jul 02 03:42:56 nixos kernel: pci 0000:00:04.0: attach allowed to drvr proc_thermal [trusted device]
Jul 02 03:42:56 nixos kernel: proc_thermal 0000:00:04.0: Creating sysfs group for PROC_THERMAL_PCI
Jul 02 03:42:56 nixos kernel: iTCO_wdt: Intel TCO WatchDog Timer Driver v1.11
Jul 02 03:42:56 nixos kernel: iTCO_vendor_support: vendor-support=0
Jul 02 03:42:56 nixos kernel: device-mapper: ioctl: 4.41.0-ioctl (2019-09-16) initialised: dm-devel@redhat.com
Jul 02 03:42:56 nixos kernel: device-mapper: verity-chromeos: dm-verity-chromeos registered
Jul 02 03:42:56 nixos kernel: intel_pstate: Intel P-state driver initializing
Jul 02 03:42:56 nixos kernel: intel_pstate: HWP enabled
Jul 02 03:42:56 nixos kernel: sdhci: Secure Digital Host Controller Interface driver
Jul 02 03:42:56 nixos kernel: sdhci: Copyright(c) Pierre Ossman
Jul 02 03:42:56 nixos kernel: pci 0000:00:14.5: attach allowed to drvr sdhci-pci [trusted device]
Jul 02 03:42:56 nixos kernel: sdhci-pci 0000:00:14.5: SDHCI controller found [8086:4df8] (rev 1)
Jul 02 03:42:56 nixos kernel: sdhci-pci 0000:00:14.5: GPIO lookup for consumer cd
Jul 02 03:42:56 nixos kernel: sdhci-pci 0000:00:14.5: using ACPI for GPIO lookup
Jul 02 03:42:56 nixos kernel: acpi device:34: GPIO: looking up cd-gpios
Jul 02 03:42:56 nixos kernel: acpi device:34: GPIO: looking up cd-gpio
Jul 02 03:42:56 nixos kernel: acpi device:34: GPIO: _DSD returned device:34 0 0 1
Jul 02 03:42:56 nixos kernel: gpio gpiochip0: Persistence not supported for GPIO 252
Jul 02 03:42:56 nixos kernel: input: AT Translated Set 2 keyboard as /devices/platform/i8042/serio0/input/input2
Jul 02 03:42:56 nixos kernel: mmc0: SDHCI controller on PCI [0000:00:14.5] using ADMA 64-bit
Jul 02 03:42:56 nixos kernel: pci 0000:00:1a.0: attach allowed to drvr sdhci-pci [trusted device]
Jul 02 03:42:56 nixos kernel: sdhci-pci 0000:00:1a.0: SDHCI controller found [8086:4dc4] (rev 1)
Jul 02 03:42:56 nixos kernel: mmc1: CQHCI version 5.10
Jul 02 03:42:56 nixos kernel: mmc1: SDHCI controller on PCI [0000:00:1a.0] using ADMA 64-bit
Jul 02 03:42:56 nixos kernel: Registered efivars operations
Jul 02 03:42:56 nixos kernel: gsmi version 1.0 loaded
Jul 02 03:42:56 nixos kernel: hidraw: raw HID events driver (C) Jiri Kosina
Jul 02 03:42:56 nixos kernel: usbcore: registered new interface driver usbhid
Jul 02 03:42:56 nixos kernel: usbhid: USB HID core driver
Jul 02 03:42:56 nixos kernel: ashmem: initialized
Jul 02 03:42:56 nixos kernel: acpi INTC1026:00: GPIO: looking up 0 in _CRS
Jul 02 03:42:56 nixos kernel: intel_pmc_core INT33A1:00:  initialized
Jul 02 03:42:56 nixos kernel: chromeos ramoops using acpi device.
Jul 02 03:42:56 nixos kernel: printk: console [pstore-1] enabled
Jul 02 03:42:56 nixos kernel: pstore: Registered ramoops as persistent store backend
Jul 02 03:42:56 nixos kernel: ramoops: using 0x100000@0x76a2b000, ecc: 0
Jul 02 03:42:56 nixos kernel: input: Tablet Mode Switch as /devices/LNXSYSTM:00/LNXSYBUS:00/PNP0A08:00/device:02/PNP0C09:00/GOOG0006:00/input/input3
Jul 02 03:42:56 nixos kernel: cros_ec_lpcs GOOG0004:00: Chrome EC device registered
Jul 02 03:42:56 nixos kernel: tpm_tis_spi spi-PRP0001:02: TPM ready IRQ confirmed on attempt 2
Jul 02 03:42:56 nixos kernel: intel_rapl_common: Found RAPL domain package
Jul 02 03:42:56 nixos kernel: intel_rapl_common: Found RAPL domain core
Jul 02 03:42:56 nixos kernel: intel_rapl_common: Found RAPL domain uncore
Jul 02 03:42:56 nixos kernel: GACT probability NOT on
Jul 02 03:42:56 nixos kernel: xt_time: kernel timezone is -0000
Jul 02 03:42:56 nixos kernel: Initializing XFRM netlink socket
Jul 02 03:42:56 nixos kernel: NET: Registered protocol family 10
Jul 02 03:42:56 nixos kernel: Segment Routing with IPv6
Jul 02 03:42:56 nixos kernel: NET: Registered protocol family 17
Jul 02 03:42:56 nixos kernel: NET: Registered protocol family 15
Jul 02 03:42:56 nixos kernel: microcode: sig=0x906c0, pf=0x1, revision=0x17
Jul 02 03:42:56 nixos kernel: microcode: Microcode Update Driver: v2.2.
Jul 02 03:42:56 nixos kernel: IPI shorthand broadcast: enabled
Jul 02 03:42:56 nixos kernel: SSE version of gcm_enc/dec engaged.
Jul 02 03:42:56 nixos kernel: sched_clock: Marking stable (943584971, 4493648)->(951042733, -2964114)
Jul 02 03:42:56 nixos kernel: registered taskstats version 1
Jul 02 03:42:56 nixos kernel: Loading compiled-in X.509 certificates
Jul 02 03:42:56 nixos kernel: Key type ._fscrypt registered
Jul 02 03:42:56 nixos kernel: Key type .fscrypt registered
Jul 02 03:42:56 nixos kernel: pstore: Using crash dump compression: deflate
Jul 02 03:42:56 nixos kernel: Key type encrypted registered
Jul 02 03:42:56 nixos kernel: random: fast init done
Jul 02 03:42:56 nixos kernel: tpm_tis_spi spi-PRP0001:02: 2.0 TPM (device-id 0x28, rev-id 0)
Jul 02 03:42:56 nixos kernel: PM:   Magic number: 1:580:722
Jul 02 03:42:56 nixos kernel: block loop2: hash matches
Jul 02 03:42:56 nixos kernel: device-mapper: init: waiting for all devices to be available before creating mapped devices
Jul 02 03:42:56 nixos kernel: elan_i2c i2c-ELAN0000:00: Elan Touchpad: Module ID: 0x0100, Firmware: 0x0002, Sample: 0x0003, IAP: 0x0002
Jul 02 03:42:56 nixos kernel: input: Elan Touchpad as /devices/pci0000:00/0000:00:15.0/i2c_designware.0/i2c-12/i2c-ELAN0000:00/input/input4
Jul 02 03:42:56 nixos kernel: mmc1: Command Queue Engine enabled
Jul 02 03:42:56 nixos kernel: mmc1: new HS400 Enhanced strobe MMC card at address 0001
Jul 02 03:42:56 nixos kernel: mmcblk1: mmc1:0001 MMC32G 29.1 GiB 
Jul 02 03:42:56 nixos kernel: mmcblk1boot0: mmc1:0001 MMC32G partition 1 4.00 MiB
Jul 02 03:42:56 nixos kernel: mmcblk1boot1: mmc1:0001 MMC32G partition 2 4.00 MiB
Jul 02 03:42:56 nixos kernel: mmcblk1rpmb: mmc1:0001 MMC32G partition 3 4.00 MiB, chardev (243:0)
Jul 02 03:42:56 nixos kernel:  mmcblk1: p1 p2 p3 p4 p5 p6 p7 p8 p9 p10 p11 p12
Jul 02 03:42:56 nixos kernel: tpm_tis_spi spi-PRP0001:02: Cr50 firmware version: B2-C:0 RO_A:0.0.13/b9f09fb5 RW_A:0.5.271/cr50_v4.11_mp.81-08ba0d
Jul 02 03:42:56 nixos kernel: device-mapper: table: 254:0: verity: Data device lookup failed
Jul 02 03:42:56 nixos kernel: device-mapper: ioctl: error adding target to table
Jul 02 03:42:56 nixos kernel: ALSA device list:
Jul 02 03:42:56 nixos kernel:   No soundcards found.
Jul 02 03:42:56 nixos kernel: Warning: unable to open an initial console.
Jul 02 03:42:56 nixos kernel: Freeing unused kernel image memory: 3488K
Jul 02 03:42:56 nixos kernel: Write protecting the kernel read-only data: 22528k
Jul 02 03:42:56 nixos kernel: Freeing unused kernel image memory: 1992K
Jul 02 03:42:56 nixos kernel: Freeing unused kernel image memory: 1664K
Jul 02 03:42:56 nixos kernel: Run /init as init process
Jul 02 03:42:56 nixos kernel: random: crng init done
Jul 02 03:42:56 nixos /sbin/bootstrap.sh: Starting frecon...
Jul 02 03:42:56 nixos kernel: i915 0000:00:02.0: Direct firmware load for i915/icl_dmc_ver1_09.bin failed with error -2
Jul 02 03:42:56 nixos kernel: i915 0000:00:02.0: [drm] Failed to load DMC firmware i915/icl_dmc_ver1_09.bin. Disabling runtime power management.
Jul 02 03:42:56 nixos kernel: i915 0000:00:02.0: [drm] DMC firmware homepage: https://git.kernel.org/pub/scm/linux/kernel/git/firmware/linux-firmware.git/tree/i915
Jul 02 03:42:56 nixos frecon[138]: Frecon using drm driver i915, version 1.6, date(20200114), desc(Intel Graphics) using atomic
Jul 02 03:42:56 nixos frecon[138]: tsm_screen: new screen
Jul 02 03:42:56 nixos frecon[138]: tsm_vte: new vte object
Jul 02 03:42:56 nixos frecon[138]: tsm_screen: new screen
Jul 02 03:42:56 nixos frecon[138]: tsm_vte: new vte object
Jul 02 03:42:56 nixos frecon[138]: tsm_screen: new screen
Jul 02 03:42:56 nixos frecon[138]: tsm_vte: new vte object
Jul 02 03:42:56 nixos frecon[138]: tsm_screen: new screen
Jul 02 03:42:56 nixos frecon[138]: tsm_vte: new vte object
Jul 02 03:42:56 nixos frecon[138]: tsm_screen: new screen
Jul 02 03:42:56 nixos /sbin/bootstrap.sh: Frecon is ready.
Jul 02 03:42:56 nixos /sbin/bootstrap.sh: Finding best TTY from   pts/0 ttyS0 null...
Jul 02 03:42:56 nixos /sbin/bootstrap.sh: TTY=/dev/pts/0 LOG=/dev/pts/1 INFO=/dev/pts/2 DEBUG=/dev/pts/3
Jul 02 03:42:56 nixos kernel: usb 1-4: new full-speed USB device number 2 using xhci_hcd
Jul 02 03:42:56 nixos kernel: usb 1-4: New USB device found, idVendor=046d, idProduct=c52b, bcdDevice=24.11
Jul 02 03:42:56 nixos kernel: usb 1-4: New USB device strings: Mfr=1, Product=2, SerialNumber=0
Jul 02 03:42:56 nixos kernel: usb 1-4: Product: USB Receiver
Jul 02 03:42:56 nixos kernel: usb 1-4: Manufacturer: Logitech
Jul 02 03:42:56 nixos kernel: input: Logitech USB Receiver as /devices/pci0000:00/0000:00:14.0/usb1/1-4/1-4:1.0/0003:046D:C52B.0001/input/input5
Jul 02 03:42:56 nixos kernel: hid-generic 0003:046D:C52B.0001: input,hidraw0: USB HID v1.11 Keyboard [Logitech USB Receiver] on usb-0000:00:14.0-4/input0
Jul 02 03:42:56 nixos kernel: input: Logitech USB Receiver Mouse as /devices/pci0000:00/0000:00:14.0/usb1/1-4/1-4:1.1/0003:046D:C52B.0002/input/input6
Jul 02 03:42:56 nixos kernel: input: Logitech USB Receiver Consumer Control as /devices/pci0000:00/0000:00:14.0/usb1/1-4/1-4:1.1/0003:046D:C52B.0002/input/input7
Jul 02 03:42:56 nixos kernel: usb 2-3: new SuperSpeed Gen 1 USB device number 2 using xhci_hcd
Jul 02 03:42:56 nixos kernel: input: Logitech USB Receiver System Control as /devices/pci0000:00/0000:00:14.0/usb1/1-4/1-4:1.1/0003:046D:C52B.0002/input/input8
Jul 02 03:42:56 nixos kernel: hid-generic 0003:046D:C52B.0002: input,hiddev96,hidraw1: USB HID v1.11 Mouse [Logitech USB Receiver] on usb-0000:00:14.0-4/input1
Jul 02 03:42:56 nixos kernel: hid-generic 0003:046D:C52B.0003: hiddev97,hidraw2: USB HID v1.11 Device [Logitech USB Receiver] on usb-0000:00:14.0-4/input2
Jul 02 03:42:56 nixos kernel: usb 2-3: New USB device found, idVendor=090c, idProduct=1000, bcdDevice=11.00
Jul 02 03:42:56 nixos kernel: usb 2-3: New USB device strings: Mfr=1, Product=2, SerialNumber=3
Jul 02 03:42:56 nixos kernel: usb 2-3: Product: Flash Drive FIT
Jul 02 03:42:56 nixos kernel: usb 2-3: Manufacturer: Samsung
Jul 02 03:42:56 nixos kernel: usb 2-3: SerialNumber: 0361423120003260
Jul 02 03:42:56 nixos kernel: usb 1-6: new high-speed USB device number 3 using xhci_hcd
Jul 02 03:42:56 nixos kernel: usb-storage 2-3:1.0: USB Mass Storage device detected
Jul 02 03:42:56 nixos kernel: usb-storage 2-3:1.0: Quirks match for vid 090c pid 1000: 400
Jul 02 03:42:56 nixos kernel: scsi host0: usb-storage 2-3:1.0
Jul 02 03:42:56 nixos kernel: usb 1-6: New USB device found, idVendor=0408, idProduct=5188, bcdDevice= 0.02
Jul 02 03:42:56 nixos kernel: usb 1-6: New USB device strings: Mfr=1, Product=2, SerialNumber=3
Jul 02 03:42:56 nixos kernel: usb 1-6: Product: HP TrueVision HD Camera
Jul 02 03:42:56 nixos kernel: usb 1-6: Manufacturer: Quanta
Jul 02 03:42:56 nixos kernel: usb 1-6: SerialNumber: Quanta
Jul 02 03:42:56 nixos kernel: usb 1-8: new full-speed USB device number 4 using xhci_hcd
Jul 02 03:42:56 nixos kernel: usb 1-8: New USB device found, idVendor=8087, idProduct=0026, bcdDevice= 0.02
Jul 02 03:42:56 nixos kernel: usb 1-8: New USB device strings: Mfr=0, Product=0, SerialNumber=0
Jul 02 03:42:56 nixos kernel: scsi 0:0:0:0: Direct-Access     Samsung  Flash Drive FIT  1100 PQ: 0 ANSI: 6
Jul 02 03:42:56 nixos kernel: sd 0:0:0:0: [sda] 250626566 512-byte logical blocks: (128 GB/120 GiB)
Jul 02 03:42:56 nixos kernel: sd 0:0:0:0: [sda] Write Protect is off
Jul 02 03:42:56 nixos kernel: sd 0:0:0:0: [sda] Mode Sense: 43 00 00 00
Jul 02 03:42:56 nixos kernel: sd 0:0:0:0: [sda] Write cache: enabled, read cache: enabled, doesn't support DPO or FUA
Jul 02 03:42:56 nixos kernel: Alternate GPT is invalid, using primary GPT.
Jul 02 03:42:56 nixos kernel:  sda: sda1 sda2 sda3 sda4
Jul 02 03:42:56 nixos kernel: sd 0:0:0:0: [sda] Attached SCSI removable disk
Jul 02 03:42:56 nixos kernel: EXT4-fs (sda3): mounting ext2 file system using the ext4 subsystem
Jul 02 03:42:56 nixos kernel: EXT4-fs (sda3): mounted filesystem without journal. Opts: (null)
Jul 02 03:42:56 nixos kernel: EXT4-fs (sda4): mounted filesystem without journal. Opts: (null)
Jul 02 03:42:56 nixos systemd[1]: Failed to find module 'autofs4'
Jul 02 03:42:56 nixos systemd[1]: systemd 257.6 running in system mode (+PAM +AUDIT -SELINUX +APPARMOR +IMA +IPE +SMACK +SECCOMP +GCRYPT -GNUTLS +OPENSSL +ACL +BLKID +CURL +ELFUTILS +FIDO2 +IDN2 -IDN +IPTC +KMOD +LIBCRYPTSETUP +LIBCRYPTSETUP_PLUGINS +LIBFDISK +PCRE2 +PWQUALITY +P11KIT +QRENCODE +TPM2 +BZIP2 +LZ4 +XZ +ZLIB +ZSTD +BPF_FRAMEWORK -BTF -XKBCOMMON +UTMP -SYSVINIT +LIBARCHIVE)
Jul 02 03:42:56 nixos systemd[1]: Detected architecture x86-64.
Jul 02 03:42:56 nixos frecon[138]: Unknown OSC escape sequence "104", ignoring.
Jul 02 03:42:56 nixos frecon[138]: tsm_vte: invalid 256color SGR
Jul 02 03:42:56 nixos frecon[138]: tsm_vte: unhandled SGR attr 2
Jul 02 03:42:56 nixos frecon[138]: tsm_vte: unhandled SGR attr 126
Jul 02 03:42:56 nixos frecon[138]: tsm_vte: unhandled SGR attr 186
Jul 02 03:42:56 nixos frecon[138]: tsm_vte: unhandled SGR attr 228
Jul 02 03:42:56 nixos systemd[1]: Hostname set to <nixos>.
Jul 02 03:42:56 nixos systemd[1]: Initializing machine ID from random generator.
Jul 02 03:42:56 nixos systemd[1]: bpf-restrict-fs: BPF LSM hook not enabled in the kernel, BPF LSM not supported.
Jul 02 03:42:56 nixos kernel: LoadPin: sda4 (8:4): writable
Jul 02 03:42:56 nixos kernel: LoadPin: enforcement can be disabled.
Jul 02 03:42:56 nixos kernel: LoadPin: kernel-module pinned obj="/lib/modules/5.4.85-22138-ga9994f5cad40/kernel/drivers/block/zram/zram.ko" pid=523 cmdline="/nix/store/73xaxjpxc681cwvx66dfwyg5yd424y9r-kmod-31/bin/modprobe zram"
Jul 02 03:42:56 nixos kernel: zram: Added device: zram0
Jul 02 03:42:56 nixos systemd[1]: Condition check resulted in System Slice being skipped.
Jul 02 03:42:56 nixos systemd[1]: Condition check resulted in Root Slice being skipped.
Jul 02 03:42:56 nixos systemd[1]: Queued start job for default target Graphical Interface.
Jul 02 03:42:56 nixos systemd[1]: Created slice Slice /system/getty.
Jul 02 03:42:56 nixos systemd[1]: Created slice Slice /system/modprobe.
Jul 02 03:42:56 nixos systemd[1]: Created slice Slice /system/systemd-zram-setup.
Jul 02 03:42:56 nixos systemd[1]: Created slice User and Session Slice.
Jul 02 03:42:56 nixos systemd[1]: Started Dispatch Password Requests to Console Directory Watch.
Jul 02 03:42:56 nixos systemd[1]: Started Forward Password Requests to Wall Directory Watch.
Jul 02 03:42:56 nixos systemd[1]: Expecting device /dev/zram0...
Jul 02 03:42:56 nixos systemd[1]: Reached target Local Encrypted Volumes.
Jul 02 03:42:56 nixos systemd[1]: Reached target Containers.
Jul 02 03:42:56 nixos systemd[1]: Reached target Path Units.
Jul 02 03:42:56 nixos systemd[1]: Reached target Remote File Systems.
Jul 02 03:42:56 nixos systemd[1]: Reached target Slice Units.
Jul 02 03:42:56 nixos systemd[1]: Listening on Process Core Dump Socket.
Jul 02 03:42:56 nixos systemd[1]: Listening on Credential Encryption/Decryption.
Jul 02 03:42:56 nixos systemd[1]: Listening on Journal Audit Socket.
Jul 02 03:42:56 nixos systemd[1]: Listening on Journal Socket (/dev/log).
Jul 02 03:42:56 nixos systemd[1]: Listening on Journal Sockets.
Jul 02 03:42:56 nixos systemd[1]: Userspace Out-Of-Memory (OOM) Killer Socket was skipped because of an unmet condition check (ConditionControlGroupController=memory).
Jul 02 03:42:56 nixos systemd[1]: Make TPM PCR Policy was skipped because of an unmet condition check (ConditionSecurity=measured-uki).
Jul 02 03:42:56 nixos systemd[1]: Listening on udev Control Socket.
Jul 02 03:42:56 nixos systemd[1]: Listening on udev Kernel Socket.
Jul 02 03:42:56 nixos systemd[1]: Huge Pages File System was skipped because of an unmet condition check (ConditionPathExists=/sys/kernel/mm/hugepages).
Jul 02 03:42:56 nixos systemd[1]: POSIX Message Queue File System was skipped because of an unmet condition check (ConditionPathExists=/proc/sys/fs/mqueue).
Jul 02 03:42:56 nixos systemd[1]: Mounting Kernel Trace File System...
Jul 02 03:42:56 nixos systemd[1]: Starting growpart.service...
Jul 02 03:42:56 nixos systemd[1]: Create List of Static Device Nodes was skipped because of an unmet condition check (ConditionFileNotEmpty=/run/booted-system/kernel-modules/lib/modules/5.4.85-22138-ga9994f5cad40/modules.devname).
Jul 02 03:42:56 nixos systemd[1]: Starting Load Kernel Module configfs...
Jul 02 03:42:56 nixos systemd[1]: Starting Load Kernel Module drm...
Jul 02 03:42:56 nixos systemd[1]: Starting Load Kernel Module efi_pstore...
Jul 02 03:42:56 nixos systemd[1]: Starting Load Kernel Module fuse...
Jul 02 03:42:56 nixos systemd[1]: Starting mount-pstore.service...
Jul 02 03:42:56 nixos systemd[1]: File System Check on Root Device was skipped because of an unmet condition check (ConditionPathIsReadWrite=!/).
Jul 02 03:42:56 nixos systemd[1]: Clear Stale Hibernate Storage Info was skipped because of an unmet condition check (ConditionPathExists=/sys/firmware/efi/efivars/HibernateLocation-8cf2644b-4b0b-428f-9387-6d876050dc67).
Jul 02 03:42:56 nixos systemd[1]: Starting Journal Service...
Jul 02 03:42:56 nixos systemd[1]: Starting Load Kernel Modules...
Jul 02 03:42:56 nixos systemd[1]: Userspace Out-Of-Memory (OOM) Killer was skipped because of an unmet condition check (ConditionControlGroupController=memory).
Jul 02 03:42:56 nixos systemd[1]: Starting Remount Root and Kernel File Systems...
Jul 02 03:42:56 nixos systemd[1]: Starting Create Static Device Nodes in /dev gracefully...
Jul 02 03:42:56 nixos systemd[1]: Early TPM SRK Setup was skipped because of an unmet condition check (ConditionSecurity=measured-uki).
Jul 02 03:42:56 nixos systemd[1]: Starting Coldplug All udev Devices...
Jul 02 03:42:56 nixos systemd[1]: Mounted Kernel Trace File System.
Jul 02 03:42:56 nixos systemd[1]: modprobe@configfs.service: Deactivated successfully.
Jul 02 03:42:56 nixos systemd[1]: Finished Load Kernel Module configfs.
Jul 02 03:42:56 nixos systemd[1]: modprobe@drm.service: Deactivated successfully.
Jul 02 03:42:56 nixos systemd[1]: Finished Load Kernel Module drm.
Jul 02 03:42:56 nixos systemd[1]: modprobe@efi_pstore.service: Deactivated successfully.
Jul 02 03:42:56 nixos systemd[1]: Finished Load Kernel Module efi_pstore.
Jul 02 03:42:56 nixos kernel: EXT4-fs (sda4): re-mounted. Opts: (null)
Jul 02 03:42:56 nixos systemd[1]: Mounting Kernel Configuration File System...
Jul 02 03:42:56 nixos kernel: fuse: init (API version 7.32)
Jul 02 03:42:56 nixos systemd[1]: modprobe@fuse.service: Deactivated successfully.
Jul 02 03:42:56 nixos systemd[1]: Finished Load Kernel Module fuse.
Jul 02 03:42:56 nixos systemd[1]: Mounted Kernel Configuration File System.
Jul 02 03:42:56 nixos systemd[1]: Mounting FUSE Control File System...
Jul 02 03:42:56 nixos systemd[1]: Finished Remount Root and Kernel File Systems.
Jul 02 03:42:56 nixos systemd[1]: Starting Load/Save OS Random Seed...
Jul 02 03:42:56 nixos systemd[1]: Starting Network Time Synchronization...
Jul 02 03:42:56 nixos systemd[1]: TPM SRK Setup was skipped because of an unmet condition check (ConditionSecurity=measured-uki).
Jul 02 03:42:56 nixos systemd[1]: Mounted FUSE Control File System.
Jul 02 03:42:56 nixos systemd[1]: Finished Load/Save OS Random Seed.
Jul 02 03:42:56 nixos systemd[1]: First Boot Complete was skipped because of an unmet condition check (ConditionFirstBoot=yes).
Jul 02 03:42:56 nixos kernel: tun: Universal TUN/TAP device driver, 1.6
Jul 02 03:42:56 nixos systemd[1]: Finished Load Kernel Modules.
Jul 02 03:42:56 nixos systemd-journald[536]: Collecting audit messages is enabled.
Jul 02 03:42:56 nixos systemd[1]: Starting Apply Kernel Variables...
Jul 02 03:42:56 nixos systemd[1]: Finished growpart.service.
Jul 02 03:42:56 nixos systemd[1]: Finished Apply Kernel Variables.
Jul 02 03:42:56 nixos systemd[1]: Starting Network Name Resolution...
Jul 02 03:42:56 nixos systemd[1]: Finished Create Static Device Nodes in /dev gracefully.
Jul 02 03:42:56 nixos systemd[1]: Starting Create Static Device Nodes in /dev...
Jul 02 03:42:56 nixos systemd[1]: Finished mount-pstore.service.
Jul 02 03:42:56 nixos systemd[1]: Platform Persistent Storage Archival was skipped because of an unmet condition check (ConditionDirectoryNotEmpty=/sys/fs/pstore).
Jul 02 03:42:56 nixos systemd[1]: Finished Create Static Device Nodes in /dev.
Jul 02 03:42:56 nixos systemd[1]: Reached target Preparation for Local File Systems.
Jul 02 03:42:56 nixos systemd[1]: Starting Rule-based Manager for Device Events and Files...
Jul 02 03:42:56 nixos systemd[1]: Started Rule-based Manager for Device Events and Files.
Jul 02 03:42:56 nixos systemd-journald[536]: Journal started
Jul 02 03:42:56 nixos systemd-journald[536]: Runtime Journal (/run/log/journal/2c5180aab0634d8d902d2a669efc2895) is 8M, max 75.8M, 67.8M free.
Jul 02 03:42:56 nixos systemd-modules-load[537]: Module 'atkbd' is built in
Jul 02 03:42:56 nixos systemd[1]: Started Journal Service.
Jul 02 03:42:56 nixos systemd-modules-load[537]: Inserted module 'bridge'
Jul 02 03:42:56 nixos systemd-modules-load[537]: Module 'ctr' is built in
Jul 02 03:42:56 nixos systemd-modules-load[537]: Module 'loop' is built in
Jul 02 03:42:56 nixos systemd-modules-load[537]: Failed to find module 'macvlan'
Jul 02 03:42:56 nixos systemd-modules-load[537]: Failed to find module 'tap'
Jul 02 03:42:56 nixos systemd-modules-load[537]: Inserted module 'tun'
Jul 02 03:42:56 nixos systemd-udevd[559]: Using default interface naming scheme 'v257'.
Jul 02 03:42:56 nixos systemd[1]: Starting Flush Journal to Persistent Storage...
Jul 02 03:42:57 nixos systemd-resolved[554]: Positive Trust Anchors:
Jul 02 03:42:57 nixos systemd-resolved[554]: . IN DS 20326 8 2 e06d44b80b8f1d39a95c0b0d7c65d08458e880409bbc683457104237c7f8ec8d
Jul 02 03:42:57 nixos systemd-resolved[554]: . IN DS 38696 8 2 683d2d0acb8c9b712a1948b27f741219298d0a450d612c483af444a4c0fb2b16
Jul 02 03:42:57 nixos systemd-resolved[554]: Negative trust anchors: home.arpa 10.in-addr.arpa 16.172.in-addr.arpa 17.172.in-addr.arpa 18.172.in-addr.arpa 19.172.in-addr.arpa 20.172.in-addr.arpa 21.172.in-addr.arpa 22.172.in-addr.arpa 23.172.in-addr.arpa 24.172.in-addr.arpa 25.172.in-addr.arpa 26.172.in-addr.arpa 27.172.in-addr.arpa 28.172.in-addr.arpa 29.172.in-addr.arpa 30.172.in-addr.arpa 31.172.in-addr.arpa 170.0.0.192.in-addr.arpa 171.0.0.192.in-addr.arpa 168.192.in-addr.arpa d.f.ip6.arpa ipv4only.arpa resolver.arpa corp home internal intranet lan local private test
Jul 02 03:42:57 nixos systemd-journald[536]: Time spent on flushing to /var/log/journal/2c5180aab0634d8d902d2a669efc2895 is 11.692ms for 797 entries.
Jul 02 03:42:57 nixos systemd-journald[536]: System Journal (/var/log/journal/2c5180aab0634d8d902d2a669efc2895) is 8M, max 1G, 1G free.
Jul 02 03:42:57 nixos systemd-journald[536]: Received client request to flush runtime journal.
Jul 02 03:42:57 nixos systemd[1]: Finished Flush Journal to Persistent Storage.
Jul 02 03:42:57 nixos systemd-timesyncd[561]: Disabling NSCD because DNSSEC validation is turned off
Jul 02 03:42:57 nixos systemd[1]: Started Network Time Synchronization.
Jul 02 03:42:57 nixos systemd[1]: Finished Coldplug All udev Devices.
Jul 02 03:42:57 nixos systemd[1]: Found device /dev/zram0.
Jul 02 03:42:57 nixos kernel: zram0: detected capacity change from 0 to 3975151616
Jul 02 03:42:57 nixos systemd[1]: Starting Create swap on /dev/zram0...
Jul 02 03:42:57 nixos systemd[1]: Condition check resulted in /dev/tpmrm0 being skipped.
Jul 02 03:42:57 nixos systemd[1]: Reached target Trusted Platform Module.
Jul 02 03:42:57 nixos systemd-resolved[554]: Using system hostname 'nixos'.
Jul 02 03:42:57 nixos systemd[1]: Started Network Name Resolution.
Jul 02 03:42:57 nixos systemd-makefs[600]: /dev/zram0 successfully formatted as swap (label "zram0", uuid 37516ebd-ae6b-4a51-96d8-f54ade19bb95)
Jul 02 03:42:57 nixos systemd[1]: Finished Create swap on /dev/zram0.
Jul 02 03:42:57 nixos systemd[1]: Activating swap Compressed Swap on /dev/zram0...
Jul 02 03:42:57 nixos systemd[1]: Activated swap Compressed Swap on /dev/zram0.
Jul 02 03:42:57 nixos kernel: Adding 3881980k swap on /dev/zram0.  Priority:5 extents:1 across:3881980k SSDsc
Jul 02 03:42:57 nixos systemd[1]: Reached target Swaps.
Jul 02 03:42:57 nixos kernel: logitech-djreceiver 0003:046D:C52B.0003: hiddev96,hidraw0: USB HID v1.11 Device [Logitech USB Receiver] on usb-0000:00:14.0-4/input2
Jul 02 03:42:57 nixos kernel: max98357a MX98360A:00: GPIO lookup for consumer sdmode
Jul 02 03:42:57 nixos kernel: max98357a MX98360A:00: using ACPI for GPIO lookup
Jul 02 03:42:57 nixos kernel: acpi MX98360A:00: GPIO: looking up sdmode-gpios
Jul 02 03:42:57 nixos kernel: acpi MX98360A:00: GPIO: looking up sdmode-gpio
Jul 02 03:42:57 nixos kernel: acpi MX98360A:00: GPIO: _DSD returned MX98360A:00 0 0 0
Jul 02 03:42:57 nixos kernel: gpio gpiochip0: Persistence not supported for GPIO 209
Jul 02 03:42:57 nixos kernel: acpi PRP0001:01: GPIO: looking up 0 in _CRS
Jul 02 03:42:57 nixos kernel: at24 i2c-PRP0001:01: GPIO lookup for consumer wp
Jul 02 03:42:57 nixos kernel: at24 i2c-PRP0001:01: using ACPI for GPIO lookup
Jul 02 03:42:57 nixos kernel: acpi PRP0001:01: GPIO: looking up wp-gpios
Jul 02 03:42:57 nixos kernel: acpi PRP0001:01: GPIO: looking up wp-gpio
Jul 02 03:42:57 nixos kernel: at24 i2c-PRP0001:01: using lookup tables for GPIO lookup
Jul 02 03:42:57 nixos kernel: at24 i2c-PRP0001:01: No GPIO consumer wp found
Jul 02 03:42:57 nixos kernel: at24 i2c-PRP0001:01: GPIO lookup for consumer wp
Jul 02 03:42:57 nixos kernel: at24 i2c-PRP0001:01: using ACPI for GPIO lookup
Jul 02 03:42:57 nixos kernel: acpi PRP0001:01: GPIO: looking up wp-gpios
Jul 02 03:42:57 nixos kernel: acpi PRP0001:01: GPIO: looking up wp-gpio
Jul 02 03:42:57 nixos kernel: at24 i2c-PRP0001:01: using lookup tables for GPIO lookup
Jul 02 03:42:57 nixos kernel: at24 i2c-PRP0001:01: No GPIO consumer wp found
Jul 02 03:42:57 nixos kernel: acpi PRP0001:00: GPIO: looking up 0 in _CRS
Jul 02 03:42:57 nixos kernel: acpi OVTI8856:00: GPIO: looking up 0 in _CRS
Jul 02 03:42:57 nixos kernel: acpi 10EC5682:00: GPIO: looking up 0 in _CRS
Jul 02 03:42:57 nixos kernel: gpio gpiochip0: Persistence not supported for GPIO 208
Jul 02 03:42:57 nixos kernel: rt5682 i2c-10EC5682:00: Using default DAI clk names: rt5682-dai-wclk, rt5682-dai-bclk
Jul 02 03:42:57 nixos kernel: input: Logitech Unifying Device. Wireless PID:404d Keyboard as /devices/pci0000:00/0000:00:14.0/usb1/1-4/1-4:1.2/0003:046D:C52B.0003/0003:046D:404D.0004/input/input10
Jul 02 03:42:57 nixos kernel: input: Logitech Unifying Device. Wireless PID:404d Mouse as /devices/pci0000:00/0000:00:14.0/usb1/1-4/1-4:1.2/0003:046D:C52B.0003/0003:046D:404D.0004/input/input11
Jul 02 03:42:57 nixos kernel: input: Logitech Unifying Device. Wireless PID:404d Consumer Control as /devices/pci0000:00/0000:00:14.0/usb1/1-4/1-4:1.2/0003:046D:C52B.0003/0003:046D:404D.0004/input/input12
Jul 02 03:42:57 nixos kernel: input: Logitech Unifying Device. Wireless PID:404d System Control as /devices/pci0000:00/0000:00:14.0/usb1/1-4/1-4:1.2/0003:046D:C52B.0003/0003:046D:404D.0004/input/input13
Jul 02 03:42:57 nixos kernel: hid-generic 0003:046D:404D.0004: input,hidraw1: USB HID v1.11 Keyboard [Logitech Unifying Device. Wireless PID:404d] on usb-0000:00:14.0-4/input2:1
Jul 02 03:42:57 nixos kernel: link-frequencies 0 value 360000000
Jul 02 03:42:57 nixos kernel: link-frequencies 1 value 180000000
Jul 02 03:42:57 nixos kernel: ov8856 i2c-OVTI8856:00: failed to find sensor: -5
Jul 02 03:42:57 nixos kernel: ov8856: probe of i2c-OVTI8856:00 failed with error -5
Jul 02 03:42:57 nixos kernel: dw9714 i2c-PRP0001:00: I2C write fail
Jul 02 03:42:57 nixos kernel: dw9714 i2c-PRP0001:00: dw9714_vcm_suspend I2C failure: -5
Jul 02 03:42:57 nixos systemd[1]: Created slice Slice /system/systemd-backlight.
Jul 02 03:42:57 nixos systemd[1]: Starting Load/Save Screen Backlight Brightness of backlight:intel_backlight...
Jul 02 03:42:57 nixos systemd[1]: Finished Load/Save Screen Backlight Brightness of backlight:intel_backlight.
Jul 02 03:42:57 nixos kernel: pci 0000:00:05.0: attach allowed to drvr intel-ipu6 [trusted device]
Jul 02 03:42:57 nixos kernel: intel-ipu6 intel-ipu: Device 0x4e19 (rev: 0x0)
Jul 02 03:42:57 nixos kernel: intel-ipu6 intel-ipu: physical base address 0x91000000
Jul 02 03:42:57 nixos kernel: intel-ipu6 intel-ipu: mapped as: 0x00000000741b2302
Jul 02 03:42:57 nixos kernel: intel-ipu6 intel-ipu: IPU in secure mode
Jul 02 03:42:57 nixos kernel: uvcvideo: Found UVC 1.00 device HP TrueVision HD Camera (0408:5188)
Jul 02 03:42:57 nixos kernel: usbcore: registered new interface driver uvcvideo
Jul 02 03:42:57 nixos kernel: USB Video Class driver (1.1.1)
Jul 02 03:42:57 nixos systemd[1]: boot.mount: Directory /boot to mount over is not empty, mounting anyway.
Jul 02 03:42:57 nixos kernel: Bluetooth: bt_init() Core ver 2.22
Jul 02 03:42:57 nixos kernel: NET: Registered protocol family 31
Jul 02 03:42:57 nixos kernel: Bluetooth: bt_init() HCI device and connection manager initialized
Jul 02 03:42:57 nixos kernel: Bluetooth: hci_sock_init() HCI socket layer initialized
Jul 02 03:42:57 nixos kernel: Bluetooth: l2cap_init_sockets() L2CAP socket layer initialized
Jul 02 03:42:57 nixos kernel: Bluetooth: sco_init() SCO socket layer initialized
Jul 02 03:42:57 nixos systemd[1]: Mounting /boot...
Jul 02 03:42:57 nixos systemd[1]: Mounting /run/wrappers...
Jul 02 03:42:57 nixos systemd[1]: Mounting /tmp...
Jul 02 03:42:57 nixos systemd[1]: Mounted /tmp.
Jul 02 03:42:57 nixos systemd[1]: Mounted /boot.
Jul 02 03:42:57 nixos systemd[1]: Mounted /run/wrappers.
Jul 02 03:42:57 nixos systemd[1]: Reached target Local File Systems.
Jul 02 03:42:57 nixos systemd[1]: Listening on Boot Entries Service Socket.
Jul 02 03:42:57 nixos systemd-timesyncd[561]: Network configuration changed, trying to establish connection.
Jul 02 03:42:57 nixos systemd[1]: Starting Create SUID/SGID Wrappers...
Jul 02 03:42:57 nixos systemd[1]: Update Boot Loader Random Seed was skipped because no trigger condition checks were met.
Jul 02 03:42:57 nixos systemd[1]: Save Transient machine-id to Disk was skipped because of an unmet condition check (ConditionPathIsMountPoint=/etc/machine-id).
Jul 02 03:42:57 nixos systemd[1]: Starting Create System Files and Directories...
Jul 02 03:42:57 nixos kernel: usb 1-8: GPIO lookup for consumer reset
Jul 02 03:42:57 nixos kernel: usb 1-8: using ACPI for GPIO lookup
Jul 02 03:42:57 nixos kernel: acpi device:2b: GPIO: looking up reset-gpios
Jul 02 03:42:57 nixos kernel: acpi device:2b: GPIO: looking up reset-gpio
Jul 02 03:42:57 nixos kernel: acpi device:2b: GPIO: _DSD returned device:2b 0 0 1
Jul 02 03:42:57 nixos kernel: gpio gpiochip0: Persistence not supported for GPIO 179
Jul 02 03:42:57 nixos kernel: usbcore: registered new interface driver btusb
Jul 02 03:42:57 nixos kernel: Bluetooth: btintel_version_info() hci0: Bootloader revision 0.4 build 0 week 30 2018
Jul 02 03:42:57 nixos kernel: Bluetooth: btintel_read_boot_params() hci0: Device revision is 2
Jul 02 03:42:57 nixos kernel: Bluetooth: btintel_read_boot_params() hci0: Secure boot is enabled
Jul 02 03:42:57 nixos kernel: Bluetooth: btintel_read_boot_params() hci0: OTP lock is enabled
Jul 02 03:42:57 nixos kernel: Bluetooth: btintel_read_boot_params() hci0: API lock is enabled
Jul 02 03:42:57 nixos kernel: Bluetooth: btintel_read_boot_params() hci0: Debug lock is disabled
Jul 02 03:42:57 nixos kernel: Bluetooth: btintel_read_boot_params() hci0: Minimum firmware build 1 week 10 2014
Jul 02 03:42:57 nixos systemd-timesyncd[561]: Network configuration changed, trying to establish connection.
Jul 02 03:42:57 nixos systemd-timesyncd[561]: Network configuration changed, trying to establish connection.
Jul 02 03:42:57 nixos systemd-timesyncd[561]: Network configuration changed, trying to establish connection.
Jul 02 03:42:57 nixos kernel: Bluetooth: btusb_setup_intel_new() hci0: Found device firmware: intel/ibt-19-0-4.sfi
Jul 02 03:42:57 nixos systemd[1]: Finished Create System Files and Directories.
Jul 02 03:42:57 nixos systemd[1]: Starting Rebuild Journal Catalog...
Jul 02 03:42:57 nixos systemd[1]: Starting Record System Boot/Shutdown in UTMP...
Jul 02 03:42:57 nixos systemd[1]: Finished Record System Boot/Shutdown in UTMP.
Jul 02 03:42:57 nixos systemd[1]: Finished Rebuild Journal Catalog.
Jul 02 03:42:57 nixos systemd[1]: Starting Update is Completed...
Jul 02 03:42:57 nixos (udev-worker)[608]: zram0: Failed to process device, ignoring: Device or resource busy
Jul 02 03:42:57 nixos systemd[1]: Listening on Load/Save RF Kill Switch Status /dev/rfkill Watch.
Jul 02 03:42:57 nixos systemd[1]: Starting Load/Save RF Kill Switch Status...
Jul 02 03:42:57 nixos systemd[1]: Finished Update is Completed.
Jul 02 03:42:57 nixos kernel: pci 0000:00:1f.3: attach allowed to drvr sof-audio-pci [trusted device]
Jul 02 03:42:57 nixos kernel: sof-audio-pci 0000:00:1f.3: DSP detected with PCI class/subclass/prog-if info 0x040100
Jul 02 03:42:57 nixos kernel: sof-audio-pci 0000:00:1f.3: DSP detected with PCI class/subclass/prog-if 0x040100
Jul 02 03:42:57 nixos kernel: sof-audio-pci 0000:00:1f.3: bound 0000:00:02.0 (ops 0xffffffffa06b7b00)
Jul 02 03:42:57 nixos kernel: sof-audio-pci 0000:00:1f.3: use msi interrupt mode
Jul 02 03:42:57 nixos kernel: sof-audio-pci 0000:00:1f.3: codec #2 probe error, ret: -2
Jul 02 03:42:57 nixos kernel: sof-audio-pci 0000:00:1f.3: no hda codecs found!
Jul 02 03:42:57 nixos kernel: sof-audio-pci 0000:00:1f.3: Direct firmware load for intel/sof/sof-jsl.ri failed with error -2
Jul 02 03:42:57 nixos kernel: sof-audio-pci 0000:00:1f.3: error: request firmware intel/sof/sof-jsl.ri failed err: -2
Jul 02 03:42:57 nixos kernel: sof-audio-pci 0000:00:1f.3: error: failed to load DSP firmware -2
Jul 02 03:42:57 nixos kernel: sof-audio-pci 0000:00:1f.3: error: sof_probe_work failed err: -2
Jul 02 03:42:57 nixos kernel: Intel(R) Wireless WiFi driver for Linux
Jul 02 03:42:57 nixos kernel: pci 0000:00:14.3: attach allowed to drvr iwlwifi [trusted device]
Jul 02 03:42:57 nixos systemd[1]: Reached target Bluetooth Support.
Jul 02 03:42:57 nixos systemd[1]: Started Load/Save RF Kill Switch Status.
Jul 02 03:42:58 nixos kernel: iwlwifi 0000:00:14.3: api flags index 2 larger than supported by driver
Jul 02 03:42:58 nixos kernel: iwlwifi 0000:00:14.3: TLV_FW_FSEQ_VERSION: FSEQ Version: 65.3.35.22
Jul 02 03:42:58 nixos kernel: iwlwifi 0000:00:14.3: loaded firmware version 60.e114b062.0 QuZ-a0-hr-b0-60.ucode op_mode iwlmvm
Jul 02 03:42:58 nixos systemd[1]: Starting Virtual Console Setup...
Jul 02 03:42:58 nixos systemd[1]: suid-sgid-wrappers.service: Deactivated successfully.
Jul 02 03:42:58 nixos systemd[1]: Finished Create SUID/SGID Wrappers.
Jul 02 03:42:58 nixos systemd[1]: suid-sgid-wrappers.service: Consumed 90ms CPU time, 2.1M read from disk.
Jul 02 03:42:58 nixos kernel: input: Logitech K400 Plus as /devices/pci0000:00/0000:00:14.0/usb1/1-4/1-4:1.2/0003:046D:C52B.0003/0003:046D:404D.0004/input/input17
Jul 02 03:42:58 nixos kernel: logitech-hidpp-device 0003:046D:404D.0004: input,hidraw1: USB HID v1.11 Keyboard [Logitech K400 Plus] on usb-0000:00:14.0-4/input2:1
Jul 02 03:42:58 nixos systemd[1]: Finished Virtual Console Setup.
Jul 02 03:42:58 nixos systemd[1]: Reached target System Initialization.
Jul 02 03:42:58 nixos systemd[1]: Started Discard unused filesystem blocks once a week.
Jul 02 03:42:58 nixos systemd[1]: Started logrotate.timer.
Jul 02 03:42:58 nixos systemd[1]: Started Daily Cleanup of Temporary Directories.
Jul 02 03:42:58 nixos systemd[1]: Reached target Timer Units.
Jul 02 03:42:58 nixos systemd[1]: Listening on D-Bus System Message Bus Socket.
Jul 02 03:42:58 nixos systemd[1]: Listening on Nix Daemon Socket.
Jul 02 03:42:58 nixos systemd[1]: Listening on Hostname Service Socket.
Jul 02 03:42:58 nixos systemd[1]: Reached target Socket Units.
Jul 02 03:42:58 nixos systemd[1]: Reached target Basic System.
Jul 02 03:42:58 nixos systemd-timesyncd[561]: Network configuration changed, trying to establish connection.
Jul 02 03:42:58 nixos systemd[1]: Starting Network Manager Script Dispatcher Service...
Jul 02 03:42:58 nixos systemd[1]: Starting Kernel Auditing...
Jul 02 03:42:58 nixos systemd[1]: Starting D-Bus System Message Bus...
Jul 02 03:42:58 nixos systemd[1]: Starting Kill frecon to allow X11 to start...
Jul 02 03:42:58 nixos systemd[1]: Starting Logrotate configuration check...
Jul 02 03:42:58 nixos systemd[1]: Starting Name Service Cache Daemon (nsncd)...
Jul 02 03:42:58 nixos systemd[1]: Started Reset console on configuration changes.
Jul 02 03:42:58 nixos systemd[1]: Started Thermal Daemon Service.
Jul 02 03:42:58 nixos logrotate[743]: warning: logrotate in debug mode does nothing except printing debug messages!  Consider using verbose mode (-v) instead if this is not what you want.
Jul 02 03:42:58 nixos logrotate[743]: reading config file /nix/store/zqyp362jbwhwnv169ah2w5m2pw2mpvj2-logrotate.conf
Jul 02 03:42:58 nixos logrotate[743]: note: 'monthly' overrides previously specified 'weekly'
Jul 02 03:42:58 nixos logrotate[743]: Reading state from file: /var/lib/logrotate.status
Jul 02 03:42:58 nixos logrotate[743]: state file /var/lib/logrotate.status does not exist
Jul 02 03:42:58 nixos logrotate[743]: Allocating hash table for state file, size 64 entries
Jul 02 03:42:58 nixos logrotate[743]: Handling 2 logs
Jul 02 03:42:58 nixos logrotate[743]: rotating pattern: "/var/log/btmp" monthly empty log files are not rotated, only log files >= 1048576 bytes are rotated, (1 rotations), old logs are removed
Jul 02 03:42:58 nixos logrotate[743]: considering log /var/log/btmp
Jul 02 03:42:58 nixos logrotate[743]: Creating new state
Jul 02 03:42:58 nixos logrotate[743]:   Now: 2025-07-02 03:42
Jul 02 03:42:58 nixos logrotate[743]:   Last rotated at 2025-07-02 03:00
Jul 02 03:42:58 nixos logrotate[743]:   log does not need rotating (log has already been rotated)
Jul 02 03:42:58 nixos logrotate[743]: rotating pattern: "/var/log/wtmp" monthly empty log files are not rotated, only log files >= 1048576 bytes are rotated, (1 rotations), old logs are removed
Jul 02 03:42:58 nixos logrotate[743]: considering log /var/log/wtmp
Jul 02 03:42:58 nixos logrotate[743]: Creating new state
Jul 02 03:42:58 nixos logrotate[743]:   Now: 2025-07-02 03:42
Jul 02 03:42:58 nixos logrotate[743]:   Last rotated at 2025-07-02 03:00
Jul 02 03:42:58 nixos logrotate[743]:   log does not need rotating (log has already been rotated)
Jul 02 03:42:58 nixos systemd[1]: Finished Logrotate configuration check.
Jul 02 03:42:58 nixos 32miglnrpc1kagla7i6z9n7ddvg7lj89-audit-disable[742]: No rules
Jul 02 03:42:58 nixos systemd[1]: Finished Kernel Auditing.
Jul 02 03:42:58 nixos systemd-timesyncd[561]: Network configuration changed, trying to establish connection.
Jul 02 03:42:58 nixos nsncd[744]: Jul 02 07:42:58.273 INFO started, config: Config { ignored_request_types: {}, worker_count: 8, handoff_timeout: 10s }, path: "/var/run/nscd/socket"
Jul 02 03:42:58 nixos systemd[1]: Started Name Service Cache Daemon (nsncd).
Jul 02 03:42:58 nixos systemd[1]: Reached target Host and Network Name Lookups.
Jul 02 03:42:58 nixos systemd[1]: Reached target User and Group Name Lookups.
Jul 02 03:42:58 nixos systemd[1]: Starting Accounts Service...
Jul 02 03:42:58 nixos systemd[1]: Starting User Login Management...
Jul 02 03:42:58 nixos systemd-timesyncd[561]: Network configuration changed, trying to establish connection.
Jul 02 03:42:58 nixos systemd-timesyncd[561]: Network configuration changed, trying to establish connection.
Jul 02 03:42:58 nixos systemd-timesyncd[561]: Network configuration changed, trying to establish connection.
Jul 02 03:42:58 nixos systemd-timesyncd[561]: Network configuration changed, trying to establish connection.
Jul 02 03:42:58 nixos systemd-timesyncd[561]: Network configuration changed, trying to establish connection.
Jul 02 03:42:58 nixos systemd[1]: Finished Kill frecon to allow X11 to start.
Jul 02 03:42:58 nixos kernel: printk: frecon-lite: 7 output lines suppressed due to ratelimiting
Jul 02 03:42:58 nixos systemd-logind[770]: New seat seat0.
Jul 02 03:42:58 nixos systemd-logind[770]: Watching system buttons on /dev/input/event1 (Power Button)
Jul 02 03:42:58 nixos systemd-logind[770]: Watching system buttons on /dev/input/event0 (Lid Switch)
Jul 02 03:42:58 nixos systemd-logind[770]: Watching system buttons on /dev/input/event5 (Logitech K400 Plus)
Jul 02 03:42:58 nixos systemd-logind[770]: Watching system buttons on /dev/input/event2 (AT Translated Set 2 keyboard)
Jul 02 03:42:58 nixos systemd[1]: Started User Login Management.
Jul 02 03:42:58 nixos dbus-daemon[740]: dbus[740]: Unknown username "nm-openconnect" in message bus configuration file
Jul 02 03:42:58 nixos thermald[748]: [1751442178][MSG]27 CPUID levels; family:model:stepping 0x6:9c:0 (6:156:0)
Jul 02 03:42:58 nixos thermald[748]: [1751442178][MSG]27 CPUID levels; family:model:stepping 0x6:9c:0 (6:156:0)
Jul 02 03:42:58 nixos thermald[748]: [1751442178][MSG]Using generated /var/run/thermald/thermal-conf.xml.auto
Jul 02 03:42:58 nixos thermald[748]: [1751442178][MSG]Using config file /var/run/thermald/thermal-conf.xml.auto
Jul 02 03:42:58 nixos thermald[748]: [1751442178][MSG]Polling mode is enabled: 4
Jul 02 03:42:58 nixos dbus-daemon[740]: dbus[740]: Unknown username "nm-openconnect" in message bus configuration file
Jul 02 03:42:58 nixos dbus-daemon[740]: dbus[740]: Unknown group "power" in message bus configuration file
Jul 02 03:42:58 nixos systemd[1]: Started D-Bus System Message Bus.
Jul 02 03:42:58 nixos systemd[1]: Starting Network Manager...
Jul 02 03:42:58 nixos dbus-daemon[740]: [system] Successfully activated service 'org.freedesktop.systemd1'
Jul 02 03:42:58 nixos systemd[1]: Started Network Manager Script Dispatcher Service.
Jul 02 03:42:58 nixos dbus-daemon[740]: [system] Activating via systemd: service name='org.freedesktop.PolicyKit1' unit='polkit.service' requested by ':1.4' (uid=0 pid=769 comm="/nix/store/cr50jx3gsaixzkn8d3ykyqghxqkgapyj-accoun" label="kernel")
Jul 02 03:42:58 nixos systemd[1]: Starting Authorization Manager...
Jul 02 03:42:58 nixos systemd-timesyncd[561]: Network configuration changed, trying to establish connection.
Jul 02 03:42:58 nixos systemd-timesyncd[561]: Network configuration changed, trying to establish connection.
Jul 02 03:42:58 nixos systemd-timesyncd[561]: Network configuration changed, trying to establish connection.
Jul 02 03:42:58 nixos polkitd[789]: Started polkitd version 126
Jul 02 03:42:58 nixos polkitd[789]: Loading rules from directory /etc/polkit-1/rules.d
Jul 02 03:42:58 nixos polkitd[789]: Loading rules from directory /run/polkit-1/rules.d
Jul 02 03:42:58 nixos polkitd[789]: Error opening rules directory: Error opening directory “/run/polkit-1/rules.d”: No such file or directory (g-file-error-quark, 4)
Jul 02 03:42:58 nixos dbus-daemon[740]: [system] Activating via systemd: service name='org.freedesktop.hostname1' unit='dbus-org.freedesktop.hostname1.service' requested by ':1.7' (uid=0 pid=785 comm="/nix/store/nynkfm6zapd2jr2p62b9ahaj15hf0js6-networ" label="kernel")
Jul 02 03:42:58 nixos polkitd[789]: Loading rules from directory /usr/local/share/polkit-1/rules.d
Jul 02 03:42:58 nixos polkitd[789]: Error opening rules directory: Error opening directory “/usr/local/share/polkit-1/rules.d”: No such file or directory (g-file-error-quark, 4)
Jul 02 03:42:58 nixos polkitd[789]: Loading rules from directory /run/current-system/sw/share/polkit-1/rules.d
Jul 02 03:42:58 nixos polkitd[789]: Error opening rules directory: Error opening directory “/run/current-system/sw/share/polkit-1/rules.d”: No such file or directory (g-file-error-quark, 4)
Jul 02 03:42:58 nixos polkitd[789]: Finished loading, compiling and executing 1 rules
Jul 02 03:42:58 nixos systemd[1]: Starting Hostname Service...
Jul 02 03:42:58 nixos systemd[1]: Started Authorization Manager.
Jul 02 03:42:58 nixos dbus-daemon[740]: [system] Successfully activated service 'org.freedesktop.PolicyKit1'
Jul 02 03:42:58 nixos polkitd[789]: Acquired the name org.freedesktop.PolicyKit1 on the system bus
Jul 02 03:42:58 nixos accounts-daemon[769]: started daemon version 23.13.9
Jul 02 03:42:58 nixos systemd[1]: Started Accounts Service.
Jul 02 03:42:58 nixos systemd-timesyncd[561]: Network configuration changed, trying to establish connection.
Jul 02 03:42:58 nixos systemd-timesyncd[561]: Network configuration changed, trying to establish connection.
Jul 02 03:42:58 nixos systemd[1]: Started Hostname Service.
Jul 02 03:42:58 nixos dbus-daemon[740]: [system] Successfully activated service 'org.freedesktop.hostname1'
Jul 02 03:42:58 nixos kernel: intel-ipu6 intel-ipu: Timed out while waiting for CSE
Jul 02 03:42:58 nixos kernel: intel-ipu6 intel-ipu: IPC reset protocol failed, retrying
Jul 02 03:42:58 nixos systemd[1]: Started Network Manager.
Jul 02 03:42:58 nixos systemd[1]: Reached target Network.
Jul 02 03:42:58 nixos systemd[1]: Starting Permit User Sessions...
Jul 02 03:42:58 nixos systemd[1]: Finished Permit User Sessions.
Jul 02 03:42:58 nixos systemd[1]: Started Display Manager.
Jul 02 03:42:58 nixos systemd[1]: Started Getty on tty1.
Jul 02 03:42:58 nixos systemd[1]: Reached target Login Prompts.
Jul 02 03:42:58 nixos systemd[1]: Reached target Multi-User System.
Jul 02 03:42:58 nixos systemd[1]: Reached target Graphical Interface.
Jul 02 03:42:58 nixos systemd[1]: Startup finished in 10.799s (kernel) + 3.292s (userspace) = 14.092s.
Jul 02 03:42:58 nixos display-manager[805]: /nix/store/bskfv1aljyn391kbly5lqbg3b5y7gmq9-unit-script-display-manager-start/bin/display-manager-start: line 4: /run/current-system/sw/bin/sddm: No such file or directory
Jul 02 03:42:58 nixos systemd[1]: display-manager.service: Main process exited, code=exited, status=127/n/a
Jul 02 03:42:58 nixos systemd[1]: display-manager.service: Failed with result 'exit-code'.
Jul 02 03:42:58 nixos (pl-getty)[806]: Failed to lock /dev/console, proceeding without lock: Inappropriate ioctl for device
Jul 02 03:42:59 nixos systemd[1]: display-manager.service: Scheduled restart job, restart counter is at 1.
Jul 02 03:42:59 nixos systemd[1]: Started Display Manager.
Jul 02 03:42:59 nixos display-manager[811]: /nix/store/bskfv1aljyn391kbly5lqbg3b5y7gmq9-unit-script-display-manager-start/bin/display-manager-start: line 4: /run/current-system/sw/bin/sddm: No such file or directory
Jul 02 03:42:59 nixos systemd[1]: display-manager.service: Main process exited, code=exited, status=127/n/a
Jul 02 03:42:59 nixos systemd[1]: display-manager.service: Failed with result 'exit-code'.
Jul 02 03:42:59 nixos kernel: Bluetooth: btusb_setup_intel_new() hci0: Waiting for firmware download to complete
Jul 02 03:42:59 nixos kernel: Bluetooth: btusb_setup_intel_new() hci0: Firmware loaded in 1759852 usecs
Jul 02 03:42:59 nixos kernel: Bluetooth: btusb_setup_intel_new() hci0: Waiting for device to boot
Jul 02 03:42:59 nixos kernel: Bluetooth: btusb_setup_intel_new() hci0: Device booted in 16636 usecs
Jul 02 03:42:59 nixos kernel: Bluetooth: btintel_load_ddc_config() hci0: Found Intel DDC parameters: intel/ibt-19-0-4.ddc
Jul 02 03:42:59 nixos kernel: Bluetooth: btintel_load_ddc_config() hci0: Applying Intel DDC parameters completed
Jul 02 03:42:59 nixos kernel: Bluetooth: btintel_version_info() hci0: Firmware revision 0.4 build 132 week 3 2024
Jul 02 03:42:59 nixos systemd[1]: display-manager.service: Scheduled restart job, restart counter is at 2.
Jul 02 03:42:59 nixos systemd[1]: Started Display Manager.
Jul 02 03:42:59 nixos display-manager[813]: /nix/store/bskfv1aljyn391kbly5lqbg3b5y7gmq9-unit-script-display-manager-start/bin/display-manager-start: line 4: /run/current-system/sw/bin/sddm: No such file or directory
Jul 02 03:42:59 nixos systemd[1]: display-manager.service: Main process exited, code=exited, status=127/n/a
Jul 02 03:42:59 nixos systemd[1]: display-manager.service: Failed with result 'exit-code'.
Jul 02 03:42:59 nixos kernel: intel-ipu6 intel-ipu: Timed out while waiting for CSE
Jul 02 03:42:59 nixos kernel: intel-ipu6 intel-ipu: IPC reset protocol failed, retrying
Jul 02 03:43:00 nixos systemd[1]: display-manager.service: Scheduled restart job, restart counter is at 3.
Jul 02 03:43:00 nixos systemd[1]: display-manager.service: Start request repeated too quickly.
Jul 02 03:43:00 nixos systemd[1]: display-manager.service: Failed with result 'exit-code'.
Jul 02 03:43:00 nixos systemd[1]: Failed to start Display Manager.
Jul 02 03:43:00 nixos kernel: intel-ipu6 intel-ipu: Timed out while waiting for CSE
Jul 02 03:43:00 nixos kernel: intel-ipu6 intel-ipu: IPC reset protocol failed, retrying
Jul 02 03:43:01 nixos kernel: intel-ipu6 intel-ipu: Timed out while waiting for CSE
Jul 02 03:43:01 nixos kernel: intel-ipu6 intel-ipu: IPC reset protocol failed, retrying
Jul 02 03:43:02 nixos kernel: intel-ipu6 intel-ipu: Timed out while waiting for CSE
Jul 02 03:43:02 nixos kernel: intel-ipu6 intel-ipu: IPC reset protocol failed, retrying
Jul 02 03:43:02 nixos kernel: intel-ipu6 intel-ipu: IPC reset protocol failed
Jul 02 03:43:02 nixos kernel: intel-ipu6: probe of intel-ipu failed with error -110
Jul 02 03:43:03 nixos systemd[1]: systemd-rfkill.service: Deactivated successfully.
Jul 02 03:43:09 nixos systemd[1]: NetworkManager-dispatcher.service: Deactivated successfully.
Jul 02 03:43:09 nixos systemd[1]: NetworkManager-dispatcher.service: Consumed 33ms CPU time, 7.8M read from disk.
Jul 02 03:43:28 nixos systemd[1]: systemd-hostnamed.service: Deactivated successfully.
Jul 02 03:43:29 nixos systemd-resolved[554]: Switching to fallback DNS server 1.1.1.1#cloudflare-dns.com.
Jul 02 03:43:31 nixos systemd-logind[770]: Power key pressed short.
Jul 02 03:43:31 nixos systemd-logind[770]: Power key pressed short.
